This is pdfTeX, Version 3.141592653-2.6-1.40.25 (TeX Live 2023/Debian) (preloaded format=pdflatex 2026.3.24)  24 MAR 2026 07:19
entering extended mode
 restricted \write18 enabled.
 %&-line parsing enabled.
**"Fan made Shadowrun 7th Edition rules.tex"
(./Fan made Shadowrun 7th Edition rules.tex
LaTeX2e <2023-11-01> patch level 1
L3 programming layer <2024-01-22>
(/usr/share/texlive/texmf-dist/tex/latex/base/article.cls
Document Class: article 2023/05/17 v1.4n Standard LaTeX document class
(/usr/share/texlive/texmf-dist/tex/latex/base/size10.clo
File: size10.clo 2023/05/17 v1.4n Standard LaTeX file (size option)
)
\c@part=\count187
\c@section=\count188
\c@subsection=\count189
\c@subsubsection=\count190
\c@paragraph=\count191
\c@subparagraph=\count192
\c@figure=\count193
\c@table=\count194
\abovecaptionskip=\skip48
\belowcaptionskip=\skip49
\bibindent=\dimen140
)
(/usr/share/texlive/texmf-dist/tex/latex/amsmath/amsmath.sty
Package: amsmath 2023/05/13 v2.17o AMS math features
\@mathmargin=\skip50

For additional information on amsmath, use the `?' option.
(/usr/share/texlive/texmf-dist/tex/latex/amsmath/amstext.sty
Package: amstext 2021/08/26 v2.01 AMS text

(/usr/share/texlive/texmf-dist/tex/latex/amsmath/amsgen.sty
File: amsgen.sty 1999/11/30 v2.0 generic functions
\@emptytoks=\toks17
\ex@=\dimen141
))
(/usr/share/texlive/texmf-dist/tex/latex/amsmath/amsbsy.sty
Package: amsbsy 1999/11/29 v1.2d Bold Symbols
\pmbraise@=\dimen142
)
(/usr/share/texlive/texmf-dist/tex/latex/amsmath/amsopn.sty
Package: amsopn 2022/04/08 v2.04 operator names
)
\inf@bad=\count195
LaTeX Info: Redefining \frac on input line 234.
\uproot@=\count196
\leftroot@=\count197
LaTeX Info: Redefining \overline on input line 399.
LaTeX Info: Redefining \colon on input line 410.
\classnum@=\count198
\DOTSCASE@=\count199
LaTeX Info: Redefining \ldots on input line 496.
LaTeX Info: Redefining \dots on input line 499.
LaTeX Info: Redefining \cdots on input line 620.
\Mathstrutbox@=\box51
\strutbox@=\box52
LaTeX Info: Redefining \big on input line 722.
LaTeX Info: Redefining \Big on input line 723.
LaTeX Info: Redefining \bigg on input line 724.
LaTeX Info: Redefining \Bigg on input line 725.
\big@size=\dimen143
LaTeX Font Info:    Redeclaring font encoding OML on input line 743.
LaTeX Font Info:    Redeclaring font encoding OMS on input line 744.
\macc@depth=\count266
LaTeX Info: Redefining \bmod on input line 905.
LaTeX Info: Redefining \pmod on input line 910.
LaTeX Info: Redefining \smash on input line 940.
LaTeX Info: Redefining \relbar on input line 970.
LaTeX Info: Redefining \Relbar on input line 971.
\c@MaxMatrixCols=\count267
\dotsspace@=\muskip16
\c@parentequation=\count268
\dspbrk@lvl=\count269
\tag@help=\toks18
\row@=\count270
\column@=\count271
\maxfields@=\count272
\andhelp@=\toks19
\eqnshift@=\dimen144
\alignsep@=\dimen145
\tagshift@=\dimen146
\tagwidth@=\dimen147
\totwidth@=\dimen148
\lineht@=\dimen149
\@envbody=\toks20
\multlinegap=\skip51
\multlinetaggap=\skip52
\mathdisplay@stack=\toks21
LaTeX Info: Redefining \[ on input line 2953.
LaTeX Info: Redefining \] on input line 2954.
)
(/usr/share/texlive/texmf-dist/tex/latex/amsfonts/amssymb.sty
Package: amssymb 2013/01/14 v3.01 AMS font symbols

(/usr/share/texlive/texmf-dist/tex/latex/amsfonts/amsfonts.sty
Package: amsfonts 2013/01/14 v3.01 Basic AMSFonts support
\symAMSa=\mathgroup4
\symAMSb=\mathgroup5
LaTeX Font Info:    Redeclaring math symbol \hbar on input line 98.
LaTeX Font Info:    Overwriting math alphabet `\mathfrak' in version `bold'
(Font)                  U/euf/m/n --> U/euf/b/n on input line 106.
))
(/usr/share/texlive/texmf-dist/tex/generic/iftex/iftex.sty
Package: iftex 2022/02/03 v1.0f TeX engine tests
)
(/usr/share/texlive/texmf-dist/tex/latex/base/fontenc.sty
Package: fontenc 2021/04/29 v2.0v Standard LaTeX package
)
(/usr/share/texlive/texmf-dist/tex/latex/base/inputenc.sty
Package: inputenc 2021/02/14 v1.3d Input encoding file
\inpenc@prehook=\toks22
\inpenc@posthook=\toks23
)
(/usr/share/texlive/texmf-dist/tex/latex/base/textcomp.sty
Package: textcomp 2020/02/02 v2.0n Standard LaTeX package
)
(/usr/share/texmf/tex/latex/lm/lmodern.sty
Package: lmodern 2015/05/01 v1.6.1 Latin Modern Fonts
LaTeX Font Info:    Overwriting symbol font `operators' in version `normal'
(Font)                  OT1/cmr/m/n --> OT1/lmr/m/n on input line 22.
LaTeX Font Info:    Overwriting symbol font `letters' in version `normal'
(Font)                  OML/cmm/m/it --> OML/lmm/m/it on input line 23.
LaTeX Font Info:    Overwriting symbol font `symbols' in version `normal'
(Font)                  OMS/cmsy/m/n --> OMS/lmsy/m/n on input line 24.
LaTeX Font Info:    Overwriting symbol font `largesymbols' in version `normal'
(Font)                  OMX/cmex/m/n --> OMX/lmex/m/n on input line 25.
LaTeX Font Info:    Overwriting symbol font `operators' in version `bold'
(Font)                  OT1/cmr/bx/n --> OT1/lmr/bx/n on input line 26.
LaTeX Font Info:    Overwriting symbol font `letters' in version `bold'
(Font)                  OML/cmm/b/it --> OML/lmm/b/it on input line 27.
LaTeX Font Info:    Overwriting symbol font `symbols' in version `bold'
(Font)                  OMS/cmsy/b/n --> OMS/lmsy/b/n on input line 28.
LaTeX Font Info:    Overwriting symbol font `largesymbols' in version `bold'
(Font)                  OMX/cmex/m/n --> OMX/lmex/m/n on input line 29.
LaTeX Font Info:    Overwriting math alphabet `\mathbf' in version `normal'
(Font)                  OT1/cmr/bx/n --> OT1/lmr/bx/n on input line 31.
LaTeX Font Info:    Overwriting math alphabet `\mathsf' in version `normal'
(Font)                  OT1/cmss/m/n --> OT1/lmss/m/n on input line 32.
LaTeX Font Info:    Overwriting math alphabet `\mathit' in version `normal'
(Font)                  OT1/cmr/m/it --> OT1/lmr/m/it on input line 33.
LaTeX Font Info:    Overwriting math alphabet `\mathtt' in version `normal'
(Font)                  OT1/cmtt/m/n --> OT1/lmtt/m/n on input line 34.
LaTeX Font Info:    Overwriting math alphabet `\mathbf' in version `bold'
(Font)                  OT1/cmr/bx/n --> OT1/lmr/bx/n on input line 35.
LaTeX Font Info:    Overwriting math alphabet `\mathsf' in version `bold'
(Font)                  OT1/cmss/bx/n --> OT1/lmss/bx/n on input line 36.
LaTeX Font Info:    Overwriting math alphabet `\mathit' in version `bold'
(Font)                  OT1/cmr/bx/it --> OT1/lmr/bx/it on input line 37.
LaTeX Font Info:    Overwriting math alphabet `\mathtt' in version `bold'
(Font)                  OT1/cmtt/m/n --> OT1/lmtt/m/n on input line 38.
)
(/usr/share/texlive/texmf-dist/tex/latex/upquote/upquote.sty
Package: upquote 2012/04/19 v1.3 upright-quote and grave-accent glyphs in verba
tim
)
(/usr/share/texlive/texmf-dist/tex/latex/microtype/microtype.sty
Package: microtype 2023/03/13 v3.1a Micro-typographical refinements (RS)

(/usr/share/texlive/texmf-dist/tex/latex/graphics/keyval.sty
Package: keyval 2022/05/29 v1.15 key=value parser (DPC)
\KV@toks@=\toks24
)
(/usr/share/texlive/texmf-dist/tex/latex/etoolbox/etoolbox.sty
Package: etoolbox 2020/10/05 v2.5k e-TeX tools for LaTeX (JAW)
\etb@tempcnta=\count273
)
\MT@toks=\toks25
\MT@tempbox=\box53
\MT@count=\count274
LaTeX Info: Redefining \noprotrusionifhmode on input line 1059.
LaTeX Info: Redefining \leftprotrusion on input line 1060.
\MT@prot@toks=\toks26
LaTeX Info: Redefining \rightprotrusion on input line 1078.
LaTeX Info: Redefining \textls on input line 1368.
\MT@outer@kern=\dimen150
LaTeX Info: Redefining \textmicrotypecontext on input line 1988.
\MT@listname@count=\count275

(/usr/share/texlive/texmf-dist/tex/latex/microtype/microtype-pdftex.def
File: microtype-pdftex.def 2023/03/13 v3.1a Definitions specific to pdftex (RS)

LaTeX Info: Redefining \lsstyle on input line 902.
LaTeX Info: Redefining \lslig on input line 902.
\MT@outer@space=\skip53
)
Package microtype Info: Loading configuration file microtype.cfg.

(/usr/share/texlive/texmf-dist/tex/latex/microtype/microtype.cfg
File: microtype.cfg 2023/03/13 v3.1a microtype main configuration file (RS)
))
(/usr/share/texlive/texmf-dist/tex/latex/parskip/parskip.sty
Package: parskip 2021-03-14 v2.0h non-zero parskip adjustments

(/usr/share/texlive/texmf-dist/tex/latex/kvoptions/kvoptions.sty
Package: kvoptions 2022-06-15 v3.15 Key value format for package options (HO)

(/usr/share/texlive/texmf-dist/tex/generic/ltxcmds/ltxcmds.sty
Package: ltxcmds 2023-12-04 v1.26 LaTeX kernel commands for general use (HO)
)
(/usr/share/texlive/texmf-dist/tex/latex/kvsetkeys/kvsetkeys.sty
Package: kvsetkeys 2022-10-05 v1.19 Key value parser (HO)
)))
(/usr/share/texlive/texmf-dist/tex/latex/xcolor/xcolor.sty
Package: xcolor 2023/11/15 v3.01 LaTeX color extensions (UK)

(/usr/share/texlive/texmf-dist/tex/latex/graphics-cfg/color.cfg
File: color.cfg 2016/01/02 v1.6 sample color configuration
)
Package xcolor Info: Driver file: pdftex.def on input line 274.

(/usr/share/texlive/texmf-dist/tex/latex/graphics-def/pdftex.def
File: pdftex.def 2022/09/22 v1.2b Graphics/color driver for pdftex
)
(/usr/share/texlive/texmf-dist/tex/latex/graphics/mathcolor.ltx)
Package xcolor Info: Model `cmy' substituted by `cmy0' on input line 1350.
Package xcolor Info: Model `hsb' substituted by `rgb' on input line 1354.
Package xcolor Info: Model `RGB' extended on input line 1366.
Package xcolor Info: Model `HTML' substituted by `rgb' on input line 1368.
Package xcolor Info: Model `Hsb' substituted by `hsb' on input line 1369.
Package xcolor Info: Model `tHsb' substituted by `hsb' on input line 1370.
Package xcolor Info: Model `HSB' substituted by `hsb' on input line 1371.
Package xcolor Info: Model `Gray' substituted by `gray' on input line 1372.
Package xcolor Info: Model `wave' substituted by `hsb' on input line 1373.
)
(/usr/share/texlive/texmf-dist/tex/latex/tools/longtable.sty
Package: longtable 2023-11-01 v4.19 Multi-page Table package (DPC)
\LTleft=\skip54
\LTright=\skip55
\LTpre=\skip56
\LTpost=\skip57
\LTchunksize=\count276
\LTcapwidth=\dimen151
\LT@head=\box54
\LT@firsthead=\box55
\LT@foot=\box56
\LT@lastfoot=\box57
\LT@gbox=\box58
\LT@cols=\count277
\LT@rows=\count278
\c@LT@tables=\count279
\c@LT@chunks=\count280
\LT@p@ftn=\toks27
)
(/usr/share/texlive/texmf-dist/tex/latex/booktabs/booktabs.sty
Package: booktabs 2020/01/12 v1.61803398 Publication quality tables
\heavyrulewidth=\dimen152
\lightrulewidth=\dimen153
\cmidrulewidth=\dimen154
\belowrulesep=\dimen155
\belowbottomsep=\dimen156
\aboverulesep=\dimen157
\abovetopsep=\dimen158
\cmidrulesep=\dimen159
\cmidrulekern=\dimen160
\defaultaddspace=\dimen161
\@cmidla=\count281
\@cmidlb=\count282
\@aboverulesep=\dimen162
\@belowrulesep=\dimen163
\@thisruleclass=\count283
\@lastruleclass=\count284
\@thisrulewidth=\dimen164
)
(/usr/share/texlive/texmf-dist/tex/latex/tools/array.sty
Package: array 2023/10/16 v2.5g Tabular extension package (FMi)
\col@sep=\dimen165
\ar@mcellbox=\box59
\extrarowheight=\dimen166
\NC@list=\toks28
\extratabsurround=\skip58
\backup@length=\skip59
\ar@cellbox=\box60
)
(/usr/share/texlive/texmf-dist/tex/latex/tools/calc.sty
Package: calc 2023/07/08 v4.3 Infix arithmetic (KKT,FJ)
\calc@Acount=\count285
\calc@Bcount=\count286
\calc@Adimen=\dimen167
\calc@Bdimen=\dimen168
\calc@Askip=\skip60
\calc@Bskip=\skip61
LaTeX Info: Redefining \setlength on input line 80.
LaTeX Info: Redefining \addtolength on input line 81.
\calc@Ccount=\count287
\calc@Cskip=\skip62
)
(/usr/share/texlive/texmf-dist/tex/latex/footnotehyper/footnotehyper.sty
Package: footnotehyper 2021/08/13 v1.1e hyperref aware footnote.sty (JFB)
\FNH@notes=\box61
\FNH@width=\dimen169
\FNH@toks=\toks29
)
(/usr/share/texlive/texmf-dist/tex/latex/bookmark/bookmark.sty
Package: bookmark 2023-12-10 v1.31 PDF bookmarks (HO)

(/usr/share/texlive/texmf-dist/tex/latex/hyperref/hyperref.sty
Package: hyperref 2024-01-20 v7.01h Hypertext links for LaTeX

(/usr/share/texlive/texmf-dist/tex/generic/kvdefinekeys/kvdefinekeys.sty
Package: kvdefinekeys 2019-12-19 v1.6 Define keys (HO)
)
(/usr/share/texlive/texmf-dist/tex/generic/pdfescape/pdfescape.sty
Package: pdfescape 2019/12/09 v1.15 Implements pdfTeX's escape features (HO)

(/usr/share/texlive/texmf-dist/tex/generic/pdftexcmds/pdftexcmds.sty
Package: pdftexcmds 2020-06-27 v0.33 Utility functions of pdfTeX for LuaTeX (HO
)

(/usr/share/texlive/texmf-dist/tex/generic/infwarerr/infwarerr.sty
Package: infwarerr 2019/12/03 v1.5 Providing info/warning/error messages (HO)
)
Package pdftexcmds Info: \pdf@primitive is available.
Package pdftexcmds Info: \pdf@ifprimitive is available.
Package pdftexcmds Info: \pdfdraftmode found.
))
(/usr/share/texlive/texmf-dist/tex/latex/hycolor/hycolor.sty
Package: hycolor 2020-01-27 v1.10 Color options for hyperref/bookmark (HO)
)
(/usr/share/texlive/texmf-dist/tex/latex/auxhook/auxhook.sty
Package: auxhook 2019-12-17 v1.6 Hooks for auxiliary files (HO)
)
(/usr/share/texlive/texmf-dist/tex/latex/hyperref/nameref.sty
Package: nameref 2023-11-26 v2.56 Cross-referencing by name of section

(/usr/share/texlive/texmf-dist/tex/latex/refcount/refcount.sty
Package: refcount 2019/12/15 v3.6 Data extraction from label references (HO)
)
(/usr/share/texlive/texmf-dist/tex/generic/gettitlestring/gettitlestring.sty
Package: gettitlestring 2019/12/15 v1.6 Cleanup title references (HO)
)
\c@section@level=\count288
)
\@linkdim=\dimen170
\Hy@linkcounter=\count289
\Hy@pagecounter=\count290

(/usr/share/texlive/texmf-dist/tex/latex/hyperref/pd1enc.def
File: pd1enc.def 2024-01-20 v7.01h Hyperref: PDFDocEncoding definition (HO)
Now handling font encoding PD1 ...
... no UTF-8 mapping file for font encoding PD1
)
(/usr/share/texlive/texmf-dist/tex/generic/intcalc/intcalc.sty
Package: intcalc 2019/12/15 v1.3 Expandable calculations with integers (HO)
)
\Hy@SavedSpaceFactor=\count291

(/usr/share/texlive/texmf-dist/tex/latex/hyperref/puenc.def
File: puenc.def 2024-01-20 v7.01h Hyperref: PDF Unicode definition (HO)
Now handling font encoding PU ...
... no UTF-8 mapping file for font encoding PU
)
Package hyperref Info: Option `unicode' set `true' on input line 4062.
Package hyperref Info: Hyper figures OFF on input line 4179.
Package hyperref Info: Link nesting OFF on input line 4184.
Package hyperref Info: Hyper index ON on input line 4187.
Package hyperref Info: Plain pages OFF on input line 4194.
Package hyperref Info: Backreferencing OFF on input line 4199.
Package hyperref Info: Implicit mode ON; LaTeX internals redefined.
Package hyperref Info: Bookmarks ON on input line 4446.
\c@Hy@tempcnt=\count292

(/usr/share/texlive/texmf-dist/tex/latex/url/url.sty
\Urlmuskip=\muskip17
Package: url 2013/09/16  ver 3.4  Verb mode for urls, etc.
)
LaTeX Info: Redefining \url on input line 4784.
\XeTeXLinkMargin=\dimen171

(/usr/share/texlive/texmf-dist/tex/generic/bitset/bitset.sty
Package: bitset 2019/12/09 v1.3 Handle bit-vector datatype (HO)

(/usr/share/texlive/texmf-dist/tex/generic/bigintcalc/bigintcalc.sty
Package: bigintcalc 2019/12/15 v1.5 Expandable calculations on big integers (HO
)
))
\Fld@menulength=\count293
\Field@Width=\dimen172
\Fld@charsize=\dimen173
Package hyperref Info: Hyper figures OFF on input line 6063.
Package hyperref Info: Link nesting OFF on input line 6068.
Package hyperref Info: Hyper index ON on input line 6071.
Package hyperref Info: backreferencing OFF on input line 6078.
Package hyperref Info: Link coloring OFF on input line 6083.
Package hyperref Info: Link coloring with OCG OFF on input line 6088.
Package hyperref Info: PDF/A mode OFF on input line 6093.

(/usr/share/texlive/texmf-dist/tex/latex/base/atbegshi-ltx.sty
Package: atbegshi-ltx 2021/01/10 v1.0c Emulation of the original atbegshi
package with kernel methods
)
\Hy@abspage=\count294
\c@Item=\count295
\c@Hfootnote=\count296
)
Package hyperref Info: Driver (autodetected): hpdftex.

(/usr/share/texlive/texmf-dist/tex/latex/hyperref/hpdftex.def
File: hpdftex.def 2024-01-20 v7.01h Hyperref driver for pdfTeX

(/usr/share/texlive/texmf-dist/tex/latex/base/atveryend-ltx.sty
Package: atveryend-ltx 2020/08/19 v1.0a Emulation of the original atveryend pac
kage
with kernel methods
)
\Fld@listcount=\count297
\c@bookmark@seq@number=\count298

(/usr/share/texlive/texmf-dist/tex/latex/rerunfilecheck/rerunfilecheck.sty
Package: rerunfilecheck 2022-07-10 v1.10 Rerun checks for auxiliary files (HO)

(/usr/share/texlive/texmf-dist/tex/generic/uniquecounter/uniquecounter.sty
Package: uniquecounter 2019/12/15 v1.4 Provide unlimited unique counter (HO)
)
Package uniquecounter Info: New unique counter `rerunfilecheck' on input line 2
85.
)
\Hy@SectionHShift=\skip63
)
(/usr/share/texlive/texmf-dist/tex/latex/bookmark/bkm-pdftex.def
File: bkm-pdftex.def 2023-12-10 v1.31 bookmark driver for pdfTeX and luaTeX (HO
)
\BKM@id=\count299
))
(/usr/share/texlive/texmf-dist/tex/latex/xurl/xurl.sty
Package: xurl 2022/01/09 v 0.10 modify URL breaks
)
(/usr/share/texlive/texmf-dist/tex/latex/geometry/geometry.sty
Package: geometry 2020/01/02 v5.9 Page Geometry

(/usr/share/texlive/texmf-dist/tex/generic/iftex/ifvtex.sty
Package: ifvtex 2019/10/25 v1.7 ifvtex legacy package. Use iftex instead.
)
\Gm@cnth=\count300
\Gm@cntv=\count301
\c@Gm@tempcnt=\count302
\Gm@bindingoffset=\dimen174
\Gm@wd@mp=\dimen175
\Gm@odd@mp=\dimen176
\Gm@even@mp=\dimen177
\Gm@layoutwidth=\dimen178
\Gm@layoutheight=\dimen179
\Gm@layouthoffset=\dimen180
\Gm@layoutvoffset=\dimen181
\Gm@dimlist=\toks30
)
(/usr/share/texlive/texmf-dist/tex/latex/tools/multicol.sty
Package: multicol 2023/03/30 v1.9f multicolumn formatting (FMi)
\c@tracingmulticols=\count303
\mult@box=\box62
\multicol@leftmargin=\dimen182
\c@unbalance=\count304
\c@collectmore=\count305
\doublecol@number=\count306
\multicoltolerance=\count307
\multicolpretolerance=\count308
\full@width=\dimen183
\page@free=\dimen184
\premulticols=\dimen185
\postmulticols=\dimen186
\multicolsep=\skip64
\multicolbaselineskip=\skip65
\partial@page=\box63
\last@line=\box64
\mc@boxedresult=\box65
\maxbalancingoverflow=\dimen187
\mult@rightbox=\box66
\mult@grightbox=\box67
\mult@firstbox=\box68
\mult@gfirstbox=\box69
\@tempa=\box70
\@tempa=\box71
\@tempa=\box72
\@tempa=\box73
\@tempa=\box74
\@tempa=\box75
\@tempa=\box76
\@tempa=\box77
\@tempa=\box78
\@tempa=\box79
\@tempa=\box80
\@tempa=\box81
\@tempa=\box82
\@tempa=\box83
\@tempa=\box84
\@tempa=\box85
\@tempa=\box86
\@tempa=\box87
\@tempa=\box88
\@tempa=\box89
\@tempa=\box90
\@tempa=\box91
\@tempa=\box92
\@tempa=\box93
\@tempa=\box94
\@tempa=\box95
\@tempa=\box96
\@tempa=\box97
\@tempa=\box98
\@tempa=\box99
\@tempa=\box100
\@tempa=\box101
\@tempa=\box102
\@tempa=\box103
\@tempa=\box104
\@tempa=\box105
\c@minrows=\count309
\c@columnbadness=\count310
\c@finalcolumnbadness=\count311
\last@try=\dimen188
\multicolovershoot=\dimen189
\multicolundershoot=\dimen190
\mult@nat@firstbox=\box106
\colbreak@box=\box107
\mc@col@check@num=\count312
)
(/usr/share/texlive/texmf-dist/tex/latex/psnfss/helvet.sty
Package: helvet 2020/03/25 PSNFSS-v9.3 (WaS)
)
(/usr/share/texlive/texmf-dist/tex/latex/enumitem/enumitem.sty
Package: enumitem 2019/06/20 v3.9 Customized lists
\labelindent=\skip66
\enit@outerparindent=\dimen191
\enit@toks=\toks31
\enit@inbox=\box108
\enit@count@id=\count313
\enitdp@description=\count314
)
(/usr/share/texlive/texmf-dist/tex/latex/fancyhdr/fancyhdr.sty
Package: fancyhdr 2022/11/09 v4.1 Extensive control of page headers and footers

\f@nch@headwidth=\skip67
\f@nch@O@elh=\skip68
\f@nch@O@erh=\skip69
\f@nch@O@olh=\skip70
\f@nch@O@orh=\skip71
\f@nch@O@elf=\skip72
\f@nch@O@erf=\skip73
\f@nch@O@olf=\skip74
\f@nch@O@orf=\skip75
)
(/usr/share/texlive/texmf-dist/tex/latex/background/background.sty
Package: background 2014/03/04 v2.1 background material

(/usr/share/texlive/texmf-dist/tex/latex/xkeyval/xkeyval.sty
Package: xkeyval 2022/06/16 v2.9 package option processing (HA)

(/usr/share/texlive/texmf-dist/tex/generic/xkeyval/xkeyval.tex
(/usr/share/texlive/texmf-dist/tex/generic/xkeyval/xkvutils.tex
\XKV@toks=\toks32
\XKV@tempa@toks=\toks33
)
\XKV@depth=\count315
File: xkeyval.tex 2014/12/03 v2.7a key=value parser (HA)
))
(/usr/share/texlive/texmf-dist/tex/latex/pgf/frontendlayer/tikz.sty
(/usr/share/texlive/texmf-dist/tex/latex/pgf/basiclayer/pgf.sty
(/usr/share/texlive/texmf-dist/tex/latex/pgf/utilities/pgfrcs.sty
(/usr/share/texlive/texmf-dist/tex/generic/pgf/utilities/pgfutil-common.tex
\pgfutil@everybye=\toks34
\pgfutil@tempdima=\dimen192
\pgfutil@tempdimb=\dimen193
)
(/usr/share/texlive/texmf-dist/tex/generic/pgf/utilities/pgfutil-latex.def
\pgfutil@abb=\box109
)
(/usr/share/texlive/texmf-dist/tex/generic/pgf/utilities/pgfrcs.code.tex
(/usr/share/texlive/texmf-dist/tex/generic/pgf/pgf.revision.tex)
Package: pgfrcs 2023-01-15 v3.1.10 (3.1.10)
))
Package: pgf 2023-01-15 v3.1.10 (3.1.10)

(/usr/share/texlive/texmf-dist/tex/latex/pgf/basiclayer/pgfcore.sty
(/usr/share/texlive/texmf-dist/tex/latex/graphics/graphicx.sty
Package: graphicx 2021/09/16 v1.2d Enhanced LaTeX Graphics (DPC,SPQR)

(/usr/share/texlive/texmf-dist/tex/latex/graphics/graphics.sty
Package: graphics 2022/03/10 v1.4e Standard LaTeX Graphics (DPC,SPQR)

(/usr/share/texlive/texmf-dist/tex/latex/graphics/trig.sty
Package: trig 2021/08/11 v1.11 sin cos tan (DPC)
)
(/usr/share/texlive/texmf-dist/tex/latex/graphics-cfg/graphics.cfg
File: graphics.cfg 2016/06/04 v1.11 sample graphics configuration
)
Package graphics Info: Driver file: pdftex.def on input line 107.
)
\Gin@req@height=\dimen194
\Gin@req@width=\dimen195
)
(/usr/share/texlive/texmf-dist/tex/latex/pgf/systemlayer/pgfsys.sty
(/usr/share/texlive/texmf-dist/tex/generic/pgf/systemlayer/pgfsys.code.tex
Package: pgfsys 2023-01-15 v3.1.10 (3.1.10)

(/usr/share/texlive/texmf-dist/tex/generic/pgf/utilities/pgfkeys.code.tex
\pgfkeys@pathtoks=\toks35
\pgfkeys@temptoks=\toks36

(/usr/share/texlive/texmf-dist/tex/generic/pgf/utilities/pgfkeyslibraryfiltered
.code.tex
\pgfkeys@tmptoks=\toks37
))
\pgf@x=\dimen196
\pgf@y=\dimen197
\pgf@xa=\dimen198
\pgf@ya=\dimen199
\pgf@xb=\dimen256
\pgf@yb=\dimen257
\pgf@xc=\dimen258
\pgf@yc=\dimen259
\pgf@xd=\dimen260
\pgf@yd=\dimen261
\w@pgf@writea=\write3
\r@pgf@reada=\read2
\c@pgf@counta=\count316
\c@pgf@countb=\count317
\c@pgf@countc=\count318
\c@pgf@countd=\count319
\t@pgf@toka=\toks38
\t@pgf@tokb=\toks39
\t@pgf@tokc=\toks40
\pgf@sys@id@count=\count320
 (/usr/share/texlive/texmf-dist/tex/generic/pgf/systemlayer/pgf.cfg
File: pgf.cfg 2023-01-15 v3.1.10 (3.1.10)
)
Driver file for pgf: pgfsys-pdftex.def
(/usr/share/texlive/texmf-dist/tex/generic/pgf/systemlayer/pgfsys-pdftex.def
File: pgfsys-pdftex.def 2023-01-15 v3.1.10 (3.1.10)

(/usr/share/texlive/texmf-dist/tex/generic/pgf/systemlayer/pgfsys-common-pdf.de
f
File: pgfsys-common-pdf.def 2023-01-15 v3.1.10 (3.1.10)
)))
(/usr/share/texlive/texmf-dist/tex/generic/pgf/systemlayer/pgfsyssoftpath.code.
tex
File: pgfsyssoftpath.code.tex 2023-01-15 v3.1.10 (3.1.10)
\pgfsyssoftpath@smallbuffer@items=\count321
\pgfsyssoftpath@bigbuffer@items=\count322
)
(/usr/share/texlive/texmf-dist/tex/generic/pgf/systemlayer/pgfsysprotocol.code.
tex
File: pgfsysprotocol.code.tex 2023-01-15 v3.1.10 (3.1.10)
))
(/usr/share/texlive/texmf-dist/tex/generic/pgf/basiclayer/pgfcore.code.tex
Package: pgfcore 2023-01-15 v3.1.10 (3.1.10)

(/usr/share/texlive/texmf-dist/tex/generic/pgf/math/pgfmath.code.tex
(/usr/share/texlive/texmf-dist/tex/generic/pgf/math/pgfmathutil.code.tex)
(/usr/share/texlive/texmf-dist/tex/generic/pgf/math/pgfmathparser.code.tex
\pgfmath@dimen=\dimen262
\pgfmath@count=\count323
\pgfmath@box=\box110
\pgfmath@toks=\toks41
\pgfmath@stack@operand=\toks42
\pgfmath@stack@operation=\toks43
)
(/usr/share/texlive/texmf-dist/tex/generic/pgf/math/pgfmathfunctions.code.tex)
(/usr/share/texlive/texmf-dist/tex/generic/pgf/math/pgfmathfunctions.basic.code
.tex)
(/usr/share/texlive/texmf-dist/tex/generic/pgf/math/pgfmathfunctions.trigonomet
ric.code.tex)
(/usr/share/texlive/texmf-dist/tex/generic/pgf/math/pgfmathfunctions.random.cod
e.tex)
(/usr/share/texlive/texmf-dist/tex/generic/pgf/math/pgfmathfunctions.comparison
.code.tex)
(/usr/share/texlive/texmf-dist/tex/generic/pgf/math/pgfmathfunctions.base.code.
tex)
(/usr/share/texlive/texmf-dist/tex/generic/pgf/math/pgfmathfunctions.round.code
.tex)
(/usr/share/texlive/texmf-dist/tex/generic/pgf/math/pgfmathfunctions.misc.code.
tex)
(/usr/share/texlive/texmf-dist/tex/generic/pgf/math/pgfmathfunctions.integerari
thmetics.code.tex)
(/usr/share/texlive/texmf-dist/tex/generic/pgf/math/pgfmathcalc.code.tex)
(/usr/share/texlive/texmf-dist/tex/generic/pgf/math/pgfmathfloat.code.tex
\c@pgfmathroundto@lastzeros=\count324
))
(/usr/share/texlive/texmf-dist/tex/generic/pgf/math/pgfint.code.tex)
(/usr/share/texlive/texmf-dist/tex/generic/pgf/basiclayer/pgfcorepoints.code.te
x
File: pgfcorepoints.code.tex 2023-01-15 v3.1.10 (3.1.10)
\pgf@picminx=\dimen263
\pgf@picmaxx=\dimen264
\pgf@picminy=\dimen265
\pgf@picmaxy=\dimen266
\pgf@pathminx=\dimen267
\pgf@pathmaxx=\dimen268
\pgf@pathminy=\dimen269
\pgf@pathmaxy=\dimen270
\pgf@xx=\dimen271
\pgf@xy=\dimen272
\pgf@yx=\dimen273
\pgf@yy=\dimen274
\pgf@zx=\dimen275
\pgf@zy=\dimen276
)
(/usr/share/texlive/texmf-dist/tex/generic/pgf/basiclayer/pgfcorepathconstruct.
code.tex
File: pgfcorepathconstruct.code.tex 2023-01-15 v3.1.10 (3.1.10)
\pgf@path@lastx=\dimen277
\pgf@path@lasty=\dimen278
)
(/usr/share/texlive/texmf-dist/tex/generic/pgf/basiclayer/pgfcorepathusage.code
.tex
File: pgfcorepathusage.code.tex 2023-01-15 v3.1.10 (3.1.10)
\pgf@shorten@end@additional=\dimen279
\pgf@shorten@start@additional=\dimen280
)
(/usr/share/texlive/texmf-dist/tex/generic/pgf/basiclayer/pgfcorescopes.code.te
x
File: pgfcorescopes.code.tex 2023-01-15 v3.1.10 (3.1.10)
\pgfpic=\box111
\pgf@hbox=\box112
\pgf@layerbox@main=\box113
\pgf@picture@serial@count=\count325
)
(/usr/share/texlive/texmf-dist/tex/generic/pgf/basiclayer/pgfcoregraphicstate.c
ode.tex
File: pgfcoregraphicstate.code.tex 2023-01-15 v3.1.10 (3.1.10)
\pgflinewidth=\dimen281
)
(/usr/share/texlive/texmf-dist/tex/generic/pgf/basiclayer/pgfcoretransformation
s.code.tex
File: pgfcoretransformations.code.tex 2023-01-15 v3.1.10 (3.1.10)
\pgf@pt@x=\dimen282
\pgf@pt@y=\dimen283
\pgf@pt@temp=\dimen284
)
(/usr/share/texlive/texmf-dist/tex/generic/pgf/basiclayer/pgfcorequick.code.tex
File: pgfcorequick.code.tex 2023-01-15 v3.1.10 (3.1.10)
)
(/usr/share/texlive/texmf-dist/tex/generic/pgf/basiclayer/pgfcoreobjects.code.t
ex
File: pgfcoreobjects.code.tex 2023-01-15 v3.1.10 (3.1.10)
)
(/usr/share/texlive/texmf-dist/tex/generic/pgf/basiclayer/pgfcorepathprocessing
.code.tex
File: pgfcorepathprocessing.code.tex 2023-01-15 v3.1.10 (3.1.10)
)
(/usr/share/texlive/texmf-dist/tex/generic/pgf/basiclayer/pgfcorearrows.code.te
x
File: pgfcorearrows.code.tex 2023-01-15 v3.1.10 (3.1.10)
\pgfarrowsep=\dimen285
)
(/usr/share/texlive/texmf-dist/tex/generic/pgf/basiclayer/pgfcoreshade.code.tex
File: pgfcoreshade.code.tex 2023-01-15 v3.1.10 (3.1.10)
\pgf@max=\dimen286
\pgf@sys@shading@range@num=\count326
\pgf@shadingcount=\count327
)
(/usr/share/texlive/texmf-dist/tex/generic/pgf/basiclayer/pgfcoreimage.code.tex
File: pgfcoreimage.code.tex 2023-01-15 v3.1.10 (3.1.10)
)
(/usr/share/texlive/texmf-dist/tex/generic/pgf/basiclayer/pgfcoreexternal.code.
tex
File: pgfcoreexternal.code.tex 2023-01-15 v3.1.10 (3.1.10)
\pgfexternal@startupbox=\box114
)
(/usr/share/texlive/texmf-dist/tex/generic/pgf/basiclayer/pgfcorelayers.code.te
x
File: pgfcorelayers.code.tex 2023-01-15 v3.1.10 (3.1.10)
)
(/usr/share/texlive/texmf-dist/tex/generic/pgf/basiclayer/pgfcoretransparency.c
ode.tex
File: pgfcoretransparency.code.tex 2023-01-15 v3.1.10 (3.1.10)
)
(/usr/share/texlive/texmf-dist/tex/generic/pgf/basiclayer/pgfcorepatterns.code.
tex
File: pgfcorepatterns.code.tex 2023-01-15 v3.1.10 (3.1.10)
)
(/usr/share/texlive/texmf-dist/tex/generic/pgf/basiclayer/pgfcorerdf.code.tex
File: pgfcorerdf.code.tex 2023-01-15 v3.1.10 (3.1.10)
)))
(/usr/share/texlive/texmf-dist/tex/generic/pgf/modules/pgfmoduleshapes.code.tex
File: pgfmoduleshapes.code.tex 2023-01-15 v3.1.10 (3.1.10)
\pgfnodeparttextbox=\box115
) (/usr/share/texlive/texmf-dist/tex/generic/pgf/modules/pgfmoduleplot.code.tex
File: pgfmoduleplot.code.tex 2023-01-15 v3.1.10 (3.1.10)
)
(/usr/share/texlive/texmf-dist/tex/latex/pgf/compatibility/pgfcomp-version-0-65
.sty
Package: pgfcomp-version-0-65 2023-01-15 v3.1.10 (3.1.10)
\pgf@nodesepstart=\dimen287
\pgf@nodesepend=\dimen288
)
(/usr/share/texlive/texmf-dist/tex/latex/pgf/compatibility/pgfcomp-version-1-18
.sty
Package: pgfcomp-version-1-18 2023-01-15 v3.1.10 (3.1.10)
)) (/usr/share/texlive/texmf-dist/tex/latex/pgf/utilities/pgffor.sty
(/usr/share/texlive/texmf-dist/tex/latex/pgf/utilities/pgfkeys.sty
(/usr/share/texlive/texmf-dist/tex/generic/pgf/utilities/pgfkeys.code.tex))
(/usr/share/texlive/texmf-dist/tex/latex/pgf/math/pgfmath.sty
(/usr/share/texlive/texmf-dist/tex/generic/pgf/math/pgfmath.code.tex))
(/usr/share/texlive/texmf-dist/tex/generic/pgf/utilities/pgffor.code.tex
Package: pgffor 2023-01-15 v3.1.10 (3.1.10)
\pgffor@iter=\dimen289
\pgffor@skip=\dimen290
\pgffor@stack=\toks44
\pgffor@toks=\toks45
))
(/usr/share/texlive/texmf-dist/tex/generic/pgf/frontendlayer/tikz/tikz.code.tex
Package: tikz 2023-01-15 v3.1.10 (3.1.10)

(/usr/share/texlive/texmf-dist/tex/generic/pgf/libraries/pgflibraryplothandlers
.code.tex
File: pgflibraryplothandlers.code.tex 2023-01-15 v3.1.10 (3.1.10)
\pgf@plot@mark@count=\count328
\pgfplotmarksize=\dimen291
)
\tikz@lastx=\dimen292
\tikz@lasty=\dimen293
\tikz@lastxsaved=\dimen294
\tikz@lastysaved=\dimen295
\tikz@lastmovetox=\dimen296
\tikz@lastmovetoy=\dimen297
\tikzleveldistance=\dimen298
\tikzsiblingdistance=\dimen299
\tikz@figbox=\box116
\tikz@figbox@bg=\box117
\tikz@tempbox=\box118
\tikz@tempbox@bg=\box119
\tikztreelevel=\count329
\tikznumberofchildren=\count330
\tikznumberofcurrentchild=\count331
\tikz@fig@count=\count332

(/usr/share/texlive/texmf-dist/tex/generic/pgf/modules/pgfmodulematrix.code.tex
File: pgfmodulematrix.code.tex 2023-01-15 v3.1.10 (3.1.10)
\pgfmatrixcurrentrow=\count333
\pgfmatrixcurrentcolumn=\count334
\pgf@matrix@numberofcolumns=\count335
)
\tikz@expandcount=\count336

(/usr/share/texlive/texmf-dist/tex/generic/pgf/frontendlayer/tikz/libraries/tik
zlibrarytopaths.code.tex
File: tikzlibrarytopaths.code.tex 2023-01-15 v3.1.10 (3.1.10)
)))
(/usr/share/texlive/texmf-dist/tex/latex/everypage/everypage.sty
Package: everypage 2020/10/17 R2.0b Hooks to run on every page


Package everypage Warning: Functionality similar to this package has recently
(everypage)                been implemented in LaTeX. This package is now in
(everypage)                legacy status.
(everypage)                Please, don't use it in new documents and packages.


Package everypage Warning: You appear to be running a version of LaTeX
(everypage)                providing the new functionality.
(everypage)                Doing the best to deliver the original `everypage`
(everypage)                interface on top of it. Strict equivalence is
(everypage)                not possible, breakage may occur.
(everypage)                If truly needed, Use `everypage-1x` to force the
(everypage)                loading of an older code base.

) (/usr/share/texlive/texmf-dist/tex/latex/tools/afterpage.sty
Package: afterpage 2023/07/04 v1.08 After-Page Package (DPC)
\AP@output=\toks46
\AP@partial=\box120
\AP@footins=\box121
))
(/usr/share/texlive/texmf-dist/tex/latex/titlesec/titlesec.sty
Package: titlesec 2023/10/27 v2.16 Sectioning titles
\ttl@box=\box122
\beforetitleunit=\skip76
\aftertitleunit=\skip77
\ttl@plus=\dimen300
\ttl@minus=\dimen301
\ttl@toksa=\toks47
\titlewidth=\dimen302
\titlewidthlast=\dimen303
\titlewidthfirst=\dimen304
)
(/usr/share/texlive/texmf-dist/tex/latex/tabularray/tabularray.sty
(/usr/share/texlive/texmf-dist/tex/latex/l3kernel/expl3.sty
Package: expl3 2024-01-22 L3 programming layer (loader)

(/usr/share/texlive/texmf-dist/tex/latex/l3backend/l3backend-pdftex.def
File: l3backend-pdftex.def 2024-01-04 L3 backend support: PDF output (pdfTeX)
\l__color_backend_stack_int=\count337
\l__pdf_internal_box=\box123
))
Package: tabularray 2023-03-01 v2023A Typeset tabulars and arrays with LaTeX3
\l__tblr_a_int=\count338
\l__tblr_c_int=\count339
\l__tblr_r_int=\count340
\l__tblr_d_dim=\dimen305
\l__tblr_h_dim=\dimen306
\l__tblr_o_dim=\dimen307
\l__tblr_p_dim=\dimen308
\l__tblr_q_dim=\dimen309
\l__tblr_r_dim=\dimen310
\l__tblr_s_dim=\dimen311
\l__tblr_t_dim=\dimen312
\l__tblr_v_dim=\dimen313
\l__tblr_w_dim=\dimen314
\l__tblr_a_box=\box124
\l__tblr_b_box=\box125
\l__tblr_c_box=\box126
\l__tblr_d_box=\box127
\g__tblr_table_count_int=\count341
\c@rownum=\count342
\c@colnum=\count343
\c@rowcount=\count344
\c@colcount=\count345
\abovesep=\dimen315
\belowsep=\dimen316
\leftsep=\dimen317
\rightsep=\dimen318
\g_tblr_level_int=\count346
\g__tblr_data_row_key_count_int=\count347
\g__tblr_data_column_key_count_int=\count348
\g__tblr_data_cell_key_count_int=\count349
\g__tblr_array_int=\count350
\l__tblr_key_count_int=\count351
\l__tblr_key_quotient_int=\count352
\l__tblr_key_quotient_two_int=\count353
\l__tblr_key_remainder_int=\count354
\g__tblr_data_str_value_count_int=\count355
\rulewidth=\dimen319
\l__tblr_strut_dp_dim=\dimen320
\l__tblr_strut_ht_dim=\dimen321
\g__tblr_cell_wd_dim=\dimen322
\g__tblr_cell_ht_dim=\dimen323
\g__tblr_cell_head_dim=\dimen324
\g__tblr_cell_foot_dim=\dimen325
\l__column_target_dim=\dimen326
\l__tblr_caption_box=\box128
\l__tblr_caption_left_box=\box129
\l__tblr_row_head_box=\box130
\l__tblr_row_foot_box=\box131
\l__tblr_row_head_foot_dim=\dimen327
\tablewidth=\dimen328
\l__tblr_table_firsthead_box=\box132
\l__tblr_table_middlehead_box=\box133
\l__tblr_table_lasthead_box=\box134
\l__tblr_table_firstfoot_box=\box135
\l__tblr_table_middlefoot_box=\box136
\l__tblr_table_lastfoot_box=\box137
\l__tblr_remain_height_dim=\dimen329
\l__tblr_long_from_int=\count356
\l__tblr_long_to_int=\count357
\l__tblr_curr_i_int=\count358
\l__tblr_prev_i_int=\count359
\l__tblr_table_page_int=\count360
\l__tblr_table_head_box=\box138
\l__tblr_table_foot_box=\box139
\l__tblr_table_head_foot_dim=\dimen330
\l__tblr_table_head_body_foot_dim=\dimen331
\l__tblr_table_box=\box140
\l__tblr_table_hlines_box=\box141
\l__tblr_hline_box=\box142
\l__tblr_row_box=\box143
\l__tblr_col_o_wd_dim=\dimen332
\l__tblr_col_b_wd_dim=\dimen333
\l__tblr_hline_leftskip_dim=\dimen334
\l__tblr_hline_rightskip_dim=\dimen335
\l__tblr_row_ht_dim=\dimen336
\l__tblr_row_dp_dim=\dimen337
\l__tblr_row_abovesep_dim=\dimen338
\l__tblr_row_belowsep_dim=\dimen339
\l__tblr_row_vlines_box=\box144
\l__tblr_vline_box=\box145
\l__tblr_cell_box=\box146
\l__row_upper_dim=\dimen340
\l__row_lower_dim=\dimen341
\l__row_vpace_dim=\dimen342
\l__tblr_vline_aboveskip_dim=\dimen343
\l__tblr_vline_belowskip_dim=\dimen344
\l__tblr_cell_wd_dim=\dimen345
\l__tblr_cell_ht_dim=\dimen346
\l__tblr_diag_box=\box147
)
(/usr/share/texlive/texmf-dist/tex/latex/tcolorbox/tcolorbox.sty
Package: tcolorbox 2024/01/10 version 6.2.0 text color boxes

(/usr/share/texlive/texmf-dist/tex/latex/tools/verbatim.sty
Package: verbatim 2023-11-06 v1.5v LaTeX2e package for verbatim enhancements
\every@verbatim=\toks48
\verbatim@line=\toks49
\verbatim@in@stream=\read3
)
(/usr/share/texlive/texmf-dist/tex/latex/environ/environ.sty
Package: environ 2014/05/04 v0.3 A new way to define environments

(/usr/share/texlive/texmf-dist/tex/latex/trimspaces/trimspaces.sty
Package: trimspaces 2009/09/17 v1.1 Trim spaces around a token list
))
\tcb@titlebox=\box148
\tcb@upperbox=\box149
\tcb@lowerbox=\box150
\tcb@phantombox=\box151
\c@tcbbreakpart=\count361
\c@tcblayer=\count362
\c@tcolorbox@number=\count363
\l__tcobox_tmpa_box=\box152
\l__tcobox_tmpa_dim=\dimen347
\tcb@temp=\box153
\tcb@temp=\box154
\tcb@temp=\box155
\tcb@temp=\box156

(/usr/share/texlive/texmf-dist/tex/latex/tcolorbox/tcbraster.code.tex
Library (tcolorbox): 'tcbraster.code.tex' version '6.2.0'
\c@tcbrastercolumn=\count364
\c@tcbrasterrow=\count365
\c@tcbrasternum=\count366
\c@tcbraster=\count367
) (/usr/share/texlive/texmf-dist/tex/latex/tcolorbox/tcbskins.code.tex
Library (tcolorbox): 'tcbskins.code.tex' version '6.2.0'
(/usr/share/texlive/texmf-dist/tex/latex/tikzfill/tikzfill.image.sty
Package: tikzfill.image 2023/08/08 v1.0.1 Image filling library for TikZ

(/usr/share/texlive/texmf-dist/tex/latex/tikzfill/tikzfill-common.sty
Package: tikzfill-common 2023/08/08 v1.0.1 Auxiliary code for tikzfill
)
(/usr/share/texlive/texmf-dist/tex/latex/tikzfill/tikzlibraryfill.image.code.te
x
File: tikzlibraryfill.image.code.tex 2023/08/08 v1.0.1 Image filling library
\l__tikzfill_img_box=\box157
)) (/usr/share/texlive/texmf-dist/tex/latex/tcolorbox/tcbskinsjigsaw.code.tex
Library (tcolorbox): 'tcbskinsjigsaw.code.tex' version '6.2.0'
)) (/usr/share/texlive/texmf-dist/tex/latex/tcolorbox/tcbbreakable.code.tex
Library (tcolorbox): 'tcbbreakable.code.tex' version '6.2.0'
(/usr/share/texlive/texmf-dist/tex/latex/pdfcol/pdfcol.sty
Package: pdfcol 2022-09-21 v1.7 Handle new color stacks for pdfTeX (HO)
)
Package pdfcol Info: New color stack `tcb@breakable' = 1 on input line 23.
\tcb@testbox=\box158
\tcb@totalupperbox=\box159
\tcb@totallowerbox=\box160
)
(/usr/share/texlive/texmf-dist/tex/latex/tcolorbox/tcbhooks.code.tex
Library (tcolorbox): 'tcbhooks.code.tex' version '6.2.0'
) (/usr/share/texlive/texmf-dist/tex/latex/tcolorbox/tcbtheorems.code.tex
Library (tcolorbox): 'tcbtheorems.code.tex' version '6.2.0'
) (/usr/share/texlive/texmf-dist/tex/latex/tcolorbox/tcbfitting.code.tex
Library (tcolorbox): 'tcbfitting.code.tex' version '6.2.0'
\tcbfitdim=\dimen348
\tcb@lowerfitdim=\dimen349
\tcb@upperfitdim=\dimen350
\tcb@cur@hbadness=\count368
) (/usr/share/texlive/texmf-dist/tex/latex/tcolorbox/tcblistingsutf8.code.tex
Library (tcolorbox): 'tcblistingsutf8.code.tex' version '6.2.0'
(/usr/share/texlive/texmf-dist/tex/latex/tcolorbox/tcblistings.code.tex
Library (tcolorbox): 'tcblistings.code.tex' version '6.2.0'
(/usr/share/texlive/texmf-dist/tex/latex/listings/listings.sty
\lst@mode=\count369
\lst@gtempboxa=\box161
\lst@token=\toks50
\lst@length=\count370
\lst@currlwidth=\dimen351
\lst@column=\count371
\lst@pos=\count372
\lst@lostspace=\dimen352
\lst@width=\dimen353
\lst@newlines=\count373
\lst@lineno=\count374
\lst@maxwidth=\dimen354

(/usr/share/texlive/texmf-dist/tex/latex/listings/lstmisc.sty
File: lstmisc.sty 2023/02/27 1.9 (Carsten Heinz)
\c@lstnumber=\count375
\lst@skipnumbers=\count376
\lst@framebox=\box162
)
(/usr/share/texlive/texmf-dist/tex/latex/listings/listings.cfg
File: listings.cfg 2023/02/27 1.9 listings configuration
))
Package: listings 2023/02/27 1.9 (Carsten Heinz)

(/usr/share/texlive/texmf-dist/tex/latex/tcolorbox/tcblistingscore.code.tex
Library (tcolorbox): 'tcblistingscore.code.tex' version '6.2.0'
(/usr/share/texlive/texmf-dist/tex/latex/tcolorbox/tcbprocessing.code.tex
Library (tcolorbox): 'tcbprocessing.code.tex' version '6.2.0'
)
\c@tcblisting=\count377
)) (/usr/share/texlive/texmf-dist/tex/latex/listingsutf8/listingsutf8.sty
Package: listingsutf8 2019-12-10 v1.5 Allow UTF-8 in listings input (HO)

(/usr/share/texlive/texmf-dist/tex/generic/stringenc/stringenc.sty
Package: stringenc 2019/11/29 v1.12 Convert strings between diff. encodings (HO
)
)))
(/usr/share/texlive/texmf-dist/tex/latex/tcolorbox/tcbexternal.code.tex
Library (tcolorbox): 'tcbexternal.code.tex' version '6.2.0'
) (/usr/share/texlive/texmf-dist/tex/latex/tcolorbox/tcbmagazine.code.tex
Library (tcolorbox): 'tcbmagazine.code.tex' version '6.2.0'
) (/usr/share/texlive/texmf-dist/tex/latex/tcolorbox/tcbvignette.code.tex
Library (tcolorbox): 'tcbvignette.code.tex' version '6.2.0'

(/usr/share/texlive/texmf-dist/tex/generic/pgf/frontendlayer/tikz/libraries/tik
zlibraryfadings.code.tex
File: tikzlibraryfadings.code.tex 2023-01-15 v3.1.10 (3.1.10)

(/usr/share/texlive/texmf-dist/tex/generic/pgf/libraries/pgflibraryfadings.code
.tex
File: pgflibraryfadings.code.tex 2023-01-15 v3.1.10 (3.1.10)
))) (/usr/share/texlive/texmf-dist/tex/latex/tcolorbox/tcbposter.code.tex
Library (tcolorbox): 'tcbposter.code.tex' version '6.2.0'
))
LaTeX Font Info:    Trying to load font information for T1+phv on input line 18
1.
 (/usr/share/texlive/texmf-dist/tex/latex/psnfss/t1phv.fd
File: t1phv.fd 2020/03/25 scalable font definitions for T1/phv.
)
(./Fan made Shadowrun 7th Edition rules.aux)
\openout1 = `"Fan made Shadowrun 7th Edition rules.aux"'.

LaTeX Font Info:    Checking defaults for OML/cmm/m/it on input line 181.
LaTeX Font Info:    ... okay on input line 181.
LaTeX Font Info:    Checking defaults for OMS/cmsy/m/n on input line 181.
LaTeX Font Info:    ... okay on input line 181.
LaTeX Font Info:    Checking defaults for OT1/cmr/m/n on input line 181.
LaTeX Font Info:    ... okay on input line 181.
LaTeX Font Info:    Checking defaults for T1/cmr/m/n on input line 181.
LaTeX Font Info:    ... okay on input line 181.
LaTeX Font Info:    Checking defaults for TS1/cmr/m/n on input line 181.
LaTeX Font Info:    ... okay on input line 181.
LaTeX Font Info:    Checking defaults for OMX/cmex/m/n on input line 181.
LaTeX Font Info:    ... okay on input line 181.
LaTeX Font Info:    Checking defaults for U/cmr/m/n on input line 181.
LaTeX Font Info:    ... okay on input line 181.
LaTeX Font Info:    Checking defaults for PD1/pdf/m/n on input line 181.
LaTeX Font Info:    ... okay on input line 181.
LaTeX Font Info:    Checking defaults for PU/pdf/m/n on input line 181.
LaTeX Font Info:    ... okay on input line 181.
LaTeX Info: Redefining \microtypecontext on input line 181.
Package microtype Info: Applying patch `item' on input line 181.
Package microtype Info: Applying patch `toc' on input line 181.
Package microtype Info: Applying patch `eqnum' on input line 181.
Package microtype Info: Applying patch `footnote' on input line 181.
Package microtype Info: Applying patch `verbatim' on input line 181.
Package microtype Info: Generating PDF output.
Package microtype Info: Character protrusion enabled (level 2).
Package microtype Info: Using protrusion set `basicmath'.
Package microtype Info: Automatic font expansion enabled (level 2),
(microtype)             stretch: 20, shrink: 20, step: 1, non-selected.
Package microtype Info: Using default expansion set `alltext-nott'.
LaTeX Info: Redefining \showhyphens on input line 181.
Package microtype Info: No adjustment of tracking.
Package microtype Info: No adjustment of interword spacing.
Package microtype Info: No adjustment of character kerning.
Package microtype Info: Loading generic protrusion settings for font family
(microtype)             `phv' (encoding: T1).
(microtype)             For optimal results, create family-specific settings.
(microtype)             See the microtype manual for details.

(/usr/share/texlive/texmf-dist/tex/context/base/mkii/supp-pdf.mkii
[Loading MPS to PDF converter (version 2006.09.02).]
\scratchcounter=\count378
\scratchdimen=\dimen355
\scratchbox=\box163
\nofMPsegments=\count379
\nofMParguments=\count380
\everyMPshowfont=\toks51
\MPscratchCnt=\count381
\MPscratchDim=\dimen356
\MPnumerator=\count382
\makeMPintoPDFobject=\count383
\everyMPtoPDFconversion=\toks52
) (/usr/share/texlive/texmf-dist/tex/latex/epstopdf-pkg/epstopdf-base.sty
Package: epstopdf-base 2020-01-24 v2.11 Base part for package epstopdf
Package epstopdf-base Info: Redefining graphics rule for `.eps' on input line 4
85.

(/usr/share/texlive/texmf-dist/tex/latex/latexconfig/epstopdf-sys.cfg
File: epstopdf-sys.cfg 2010/07/13 v1.3 Configuration of (r)epstopdf for TeX Liv
e
))
Package hyperref Info: Link coloring OFF on input line 181.

*geometry* driver: auto-detecting
*geometry* detected driver: pdftex
*geometry* verbose mode - [ preamble ] result:
* driver: pdftex
* paper: <default>
* layout: <same size as paper>
* layoutoffset:(h,v)=(0.0pt,0.0pt)
* modes:
* h-part:(L,W,R)=(54.2025pt, 505.89pt, 54.2025pt)
* v-part:(T,H,B)=(54.2025pt, 686.56499pt, 54.2025pt)
* \paperwidth=614.295pt
* \paperheight=794.96999pt
* \textwidth=505.89pt
* \textheight=686.56499pt
* \oddsidemargin=-18.06749pt
* \evensidemargin=-18.06749pt
* \topmargin=-55.06749pt
* \headheight=12.0pt
* \headsep=25.0pt
* \topskip=10.0pt
* \footskip=30.0pt
* \marginparwidth=65.0pt
* \marginparsep=11.0pt
* \columnsep=10.0pt
* \skip\footins=9.0pt plus 4.0pt minus 2.0pt
* \hoffset=0.0pt
* \voffset=0.0pt
* \mag=1000
* \@twocolumnfalse
* \@twosidefalse
* \@mparswitchfalse
* \@reversemarginfalse
* (1in=72.27pt=25.4mm, 1cm=28.453pt)

(/usr/share/texlive/texmf-dist/tex/latex/ninecolors/ninecolors.sty
Package: ninecolors 2022-02-13 v2022D Select colors with proper color contrast

(/usr/share/texlive/texmf-dist/tex/latex/l3packages/xparse/xparse.sty
Package: xparse 2023-10-10 L3 Experimental document command parser
))
\c@lstlisting=\count384
LaTeX Font Info:    Trying to load font information for TS1+phv on input line 2
05.

(/usr/share/texlive/texmf-dist/tex/latex/psnfss/ts1phv.fd
File: ts1phv.fd 2020/03/25 scalable font definitions for TS1/phv.
)
LaTeX Font Info:    Font shape `T1/phv/m/it' in size <10> not available
(Font)              Font shape `T1/phv/m/sl' tried instead on input line 262.
LaTeX Font Info:    Trying to load font information for T1+lmtt on input line 3
36.

(/usr/share/texmf/tex/latex/lm/t1lmtt.fd
File: t1lmtt.fd 2015/05/01 v1.6.1 Font defs for Latin Modern
) [1

{/var/lib/texmf/fonts/map/pdftex/updmap/pdftex.map}{/usr/share/texlive/texmf-di
st/fonts/enc/dvips/base/8r.enc}{/usr/share/texmf/fonts/enc/dvips/lm/lm-ec.enc}]

Underfull \hbox (badness 10000) in paragraph at lines 394--396

 []


Underfull \hbox (badness 10000) in paragraph at lines 397--399

 []

[2] [3] [4] [5]
Overfull \hbox (3.71396pt too wide) in paragraph at lines 862--862
[]|\T1/phv/m/n/10 (-20) Centaur|
 []


Overfull \hbox (0.78967pt too wide) in paragraph at lines 864--865
\T1/phv/m/sl/10 (-20) graphic
 []


Overfull \hbox (2.86206pt too wide) in paragraph at lines 864--865
\T1/phv/m/sl/10 (-20) Hooves,
 []


Overfull \hbox (34.80035pt too wide) in paragraph at lines 867--868
[]|\T1/phv/m/sl/10 (-20) Thermographic
 []


Overfull \hbox (0.98967pt too wide) in paragraph at lines 870--870
[]|\T1/phv/m/n/10 (-20) Gnome|
 []


Overfull \hbox (34.80035pt too wide) in paragraph at lines 872--873
[]|\T1/phv/m/sl/10 (-20) Thermographic
 []


Overfull \hbox (5.53497pt too wide) in paragraph at lines 872--873
\T1/phv/m/sl/10 (-20) Neoteny,
 []


Overfull \hbox (12.77496pt too wide) in paragraph at lines 875--875
[]|\T1/phv/m/n/10 (-20) Hobgoblin|
 []


Overfull \hbox (8.86394pt too wide) in paragraph at lines 878--878
[]|\T1/phv/m/n/10 (-20) Nocturna|
 []


Overfull \hbox (2.7043pt too wide) in paragraph at lines 883--884
\T1/phv/m/sl/10 (-20) Human-
 []


Overfull \hbox (3.71495pt too wide) in paragraph at lines 883--884
\T1/phv/m/sl/10 (-20) Looking|
 []


Overfull \hbox (34.80035pt too wide) in paragraph at lines 888--889
[]|\T1/phv/m/sl/10 (-20) Thermographic
 []


Overfull \hbox (1.96759pt too wide) in paragraph at lines 891--892
\T1/phv/m/sl/10 (-20) Hooves|
 []

[6] [7] [8] [9] [10] [11] [12] [13] [14] [15] [16] [17] [18] [19] [20] [21]
[22] [23] [24] [25]
Overfull \hbox (3.34355pt too wide) in paragraph at lines 2803--2804
[]\T1/phv/m/n/10 (-20) WEIGHT
 []


Overfull \hbox (3.5944pt too wide) in paragraph at lines 2813--2813
[]|\T1/phv/m/n/10 (-20) Defiance
 []


Overfull \hbox (3.5944pt too wide) in paragraph at lines 2815--2815
[]|\T1/phv/m/n/10 (-20) Defiance
 []


Overfull \hbox (6.30888pt too wide) in paragraph at lines 2820--2820
[]|\T1/phv/m/n/10 (-20) Narcoject
 []


Overfull \hbox (10.71867pt too wide) in paragraph at lines 2822--2822
[]|\T1/phv/m/n/10 (-20) Parashield
 []


Overfull \hbox (10.71867pt too wide) in paragraph at lines 2824--2824
[]|\T1/phv/m/n/10 (-20) Parashield
 []


Overfull \hbox (3.5944pt too wide) in paragraph at lines 2828--2828
\T1/phv/m/n/10 (-20) Defiance
 []


Overfull \hbox (5.78932pt too wide) in paragraph at lines 2831--2832
[]|\T1/phv/m/n/10 (-20) 325/350\TS1/phv/m/n/10 (-20) \xa5|
 []

[26]
LaTeX Font Info:    Font shape `T1/lmtt/bx/n' in size <10> not available
(Font)              Font shape `T1/lmtt/b/n' tried instead on input line 2871.
LaTeX Font Info:    Font shape `T1/lmtt/bx/n' in size <9> not available
(Font)              Font shape `T1/lmtt/b/n' tried instead on input line 2871.
 [27]
> Step: init table outer spec.
> Step: parse table options.
> Step: split table.
> Step: init table inner spec.
> Step: parse table inner spec.
> Step: execute table commands.
> Step: calculate cell and line sizes.

Overfull \hbox (3.29277pt too wide) in paragraph at lines 2909--2909
 []\T1/phv/b/n/10 (-20) RANGE
 []


Overfull \hbox (7.10484pt too wide) in paragraph at lines 2909--2909
 []\T1/phv/b/n/10 (-20) WEIGHT
 []


Overfull \hbox (6.69374pt too wide) in paragraph at lines 2909--2909
 []\T1/phv/m/n/10 (-20) 4(R)/6(F)
 []

> Step: build the whole table.

Overfull \hbox (3.29277pt too wide) in paragraph at lines 2909--2909
 []\T1/phv/b/n/10 (-20) RANGE
 []


Overfull \hbox (7.10484pt too wide) in paragraph at lines 2909--2909
 []\T1/phv/b/n/10 (-20) WEIGHT
 []


Overfull \hbox (6.69374pt too wide) in paragraph at lines 2909--2909
 []\T1/phv/m/n/10 (-20) 4(R)/6(F)
 []

[28] [29] [30]
> Step: init table outer spec.
> Step: parse table options.
> Step: split table.
> Step: init table inner spec.
> Step: parse table inner spec.
> Step: execute table commands.
> Step: calculate cell and line sizes.

Overfull \hbox (3.29277pt too wide) in paragraph at lines 3058--3058
 []\T1/phv/b/n/10 (-20) RANGE
 []


Overfull \hbox (7.10484pt too wide) in paragraph at lines 3058--3058
 []\T1/phv/b/n/10 (-20) WEIGHT
 []


Overfull \hbox (30.66423pt too wide) in paragraph at lines 3058--3058
 []\T1/phv/m/n/10 (-20) 10/15(dm)7(R)
 []


Overfull \hbox (5.45703pt too wide) in paragraph at lines 3058--3058
 []\T1/phv/m/n/10 (-20) 10(ml)x4
 []

> Step: build the whole table.
[31]
Overfull \hbox (3.29277pt too wide) in paragraph at lines 3058--3058
 []\T1/phv/b/n/10 (-20) RANGE
 []


Overfull \hbox (7.10484pt too wide) in paragraph at lines 3058--3058
 []\T1/phv/b/n/10 (-20) WEIGHT
 []

[32]
Overfull \hbox (30.66423pt too wide) in paragraph at lines 3058--3058
 []\T1/phv/m/n/10 (-20) 10/15(dm)7(R)
 []

[33]
Overfull \hbox (5.45703pt too wide) in paragraph at lines 3058--3058
 []\T1/phv/m/n/10 (-20) 10(ml)x4
 []

[34] [35] [36] [37]
Overfull \hbox (3.34355pt too wide) in paragraph at lines 3516--3517
[]\T1/phv/m/n/10 (-20) WEIGHT
 []


Overfull \hbox (1.20883pt too wide) in paragraph at lines 3526--3528
[]|\T1/phv/b/n/10 (-20) Altmayr
 []


Overfull \hbox (5.61996pt too wide) in paragraph at lines 3551--3551
[]|\T1/phv/m/n/10 (-20) Browning
 []


Overfull \hbox (5.61996pt too wide) in paragraph at lines 3553--3553
[]|\T1/phv/m/n/10 (-20) Browning
 []


Overfull \hbox (5.61996pt too wide) in paragraph at lines 3555--3555
[]|\T1/phv/m/n/10 (-20) Browning
 []


Overfull \hbox (5.61996pt too wide) in paragraph at lines 3557--3557
[]|\T1/phv/m/n/10 (-20) Browning
 []


Overfull \hbox (28.61343pt too wide) in paragraph at lines 3563--3564
[]|\T1/phv/m/n/10 (-20) 6(cy)/6(m)5(R)|
 []


Overfull \hbox (5.8577pt too wide) in paragraph at lines 3582--3585
\T1/phv/m/n/10 (-20) smartlink,
 []


Overfull \hbox (8.88423pt too wide) in paragraph at lines 3585--3585
[]|\T1/phv/m/sl/10 (-20) Smartlink\T1/phv/m/n/10 (-20) .|
 []


Overfull \hbox (9.27258pt too wide) in paragraph at lines 3588--3588
\T1/phv/m/n/10 (-20) Swarovski
 []


Overfull \hbox (6.98805pt too wide) in paragraph at lines 3590--3590
[]|\T1/phv/m/n/10 (-20) Hammerli
 []


Overfull \hbox (0.86017pt too wide) in paragraph at lines 3590--3590
[]|\T1/phv/m/n/10 (-20) 8(dm)x2|
 []


Overfull \hbox (1.42839pt too wide) in paragraph at lines 3612--3612
[]|\T1/phv/m/n/10 (-20) Shotgun|
 []


Overfull \hbox (2.09691pt too wide) in paragraph at lines 3620--3620
[]|\T1/phv/m/n/10 (-20) Makarov
 []


Overfull \hbox (0.61995pt too wide) in paragraph at lines 3622--3625
\T1/phv/m/n/10 (-20) capacity
 []


Overfull \hbox (6.32838pt too wide) in paragraph at lines 3625--3625
[]|\T1/phv/m/sl/10 (-20) Extended
 []


Overfull \hbox (7.08693pt too wide) in paragraph at lines 3629--3629
[]|\T1/phv/m/n/10 (-20) Morrissey
 []


Overfull \hbox (7.08693pt too wide) in paragraph at lines 3631--3631
[]|\T1/phv/m/n/10 (-20) Morrissey
 []


Overfull \hbox (3.03587pt too wide) in paragraph at lines 3633--3633
[]|\T1/phv/m/n/10 (-20) Nemesis
 []


Overfull \hbox (3.03587pt too wide) in paragraph at lines 3635--3635
[]|\T1/phv/m/n/10 (-20) Nemesis
 []


Overfull \hbox (8.57161pt too wide) in paragraph at lines 3643--3643
\T1/phv/m/n/10 (-20) Vagabond|
 []


Overfull \hbox (12.30637pt too wide) in paragraph at lines 3649--3649
[]|\T1/phv/m/n/10 (-20) Remington
 []


Overfull \hbox (1.55783pt too wide) in paragraph at lines 3649--3649
\T1/phv/m/n/10 (-20) sweeper|
 []


Overfull \hbox (4.6903pt too wide) in paragraph at lines 3653--3653
\T1/phv/m/n/10 (-20) Warhawk|
 []


Overfull \hbox (5.32956pt too wide) in paragraph at lines 3657--3657
[]|\T1/phv/m/n/10 (-20) Savalette
 []


Overfull \hbox (5.23079pt too wide) in paragraph at lines 3657--3657
\T1/phv/m/n/10 (-20) Guardian|
 []


Overfull \hbox (7.05666pt too wide) in paragraph at lines 3659--3659
[]|\T1/phv/m/n/10 (-20) Shiawase
 []


Overfull \hbox (19.19179pt too wide) in paragraph at lines 3666--3666
[]|\T1/phv/m/sl/10 (-20) Concealable
 []


Overfull \hbox (11.11844pt too wide) in paragraph at lines 3670--3673
\T1/phv/m/n/10 (-20) lightweight
 []


Overfull \hbox (7.48215pt too wide) in paragraph at lines 3670--3673
\T1/phv/m/n/10 (-20) gonomics.
 []


Overfull \hbox (20.91739pt too wide) in paragraph at lines 3673--3673
[]|\T1/phv/m/sl/10 (-20) Personalized
 []


Overfull \hbox (8.88423pt too wide) in paragraph at lines 3673--3673
\T1/phv/m/sl/10 (-20) Smartlink\T1/phv/m/n/10 (-20) .|
 []


Overfull \hbox (6.01877pt too wide) in paragraph at lines 3683--3683
[]|\T1/phv/m/n/10 (-20) Weapons
 []

[38] [39] [40] [41] [42] [43] [44] [45] [46] [47]
Overfull \hbox (1.95776pt too wide) in paragraph at lines 3878--3879
[]\T1/phv/m/n/10 (-20) Machine
 []


Overfull \hbox (3.34355pt too wide) in paragraph at lines 3896--3897
[]\T1/phv/m/n/10 (-20) WEIGHT
 []


Overfull \hbox (7.69426pt too wide) in paragraph at lines 3913--3913
[]|\T1/phv/m/n/10 (-20) SA/BF/FA|
 []


Overfull \hbox (7.69426pt too wide) in paragraph at lines 3915--3915
[]|\T1/phv/m/n/10 (-20) SA/BF/FA|
 []


Overfull \hbox (7.69426pt too wide) in paragraph at lines 3917--3917
[]|\T1/phv/m/n/10 (-20) SA/BF/FA|
 []


Overfull \hbox (7.69426pt too wide) in paragraph at lines 3925--3925
[]|\T1/phv/m/n/10 (-20) SA/BF/FA|
 []


Overfull \hbox (7.69426pt too wide) in paragraph at lines 3927--3927
[]|\T1/phv/m/n/10 (-20) SA/BF/FA|
 []


Overfull \hbox (7.69426pt too wide) in paragraph at lines 3929--3929
[]|\T1/phv/m/n/10 (-20) SA/BF/FA|
 []


Overfull \hbox (4.96997pt too wide) in paragraph at lines 3931--3931
[]|\T1/phv/m/n/10 (-20) SABF/FA|
 []


Overfull \hbox (12.30637pt too wide) in paragraph at lines 3945--3945
[]|\T1/phv/m/n/10 (-20) Remington
 []


Overfull \hbox (7.69426pt too wide) in paragraph at lines 3947--3947
[]|\T1/phv/m/n/10 (-20) SA/BF/FA|
 []


Overfull \hbox (7.69426pt too wide) in paragraph at lines 3955--3955
[]|\T1/phv/m/n/10 (-20) SA/BF/FA|
 []


Overfull \hbox (7.69426pt too wide) in paragraph at lines 3959--3959
[]|\T1/phv/m/n/10 (-20) SA/BF/FA|
 []


Overfull \hbox (7.69426pt too wide) in paragraph at lines 3961--3961
[]|\T1/phv/m/n/10 (-20) SA/BF/FA|
 []

[48] [49] [50] [51] [52] [53] [54]
Overfull \hbox (19.39175pt too wide) in paragraph at lines 4302--4303
[]\T1/phv/m/n/10 (-20) Submachine
 []


Overfull \hbox (3.34355pt too wide) in paragraph at lines 4320--4321
[]\T1/phv/m/n/10 (-20) WEIGHT
 []


Overfull \hbox (7.69426pt too wide) in paragraph at lines 4328--4328
[]|\T1/phv/m/n/10 (-20) SA/BF/FA|
 []


Overfull \hbox (7.69426pt too wide) in paragraph at lines 4339--4339
[]|\T1/phv/m/n/10 (-20) SA/BF/FA|
 []


Overfull \hbox (2.18683pt too wide) in paragraph at lines 4343--4343
\T1/phv/m/n/10 (-20) Tsunami|
 []


Overfull \hbox (7.69426pt too wide) in paragraph at lines 4345--4345
[]|\T1/phv/m/n/10 (-20) SA/BF/FA|
 []


Overfull \hbox (7.69426pt too wide) in paragraph at lines 4347--4347
[]|\T1/phv/m/n/10 (-20) SA/BF/FA|
 []


Overfull \hbox (7.69426pt too wide) in paragraph at lines 4349--4349
[]|\T1/phv/m/n/10 (-20) SA/BF/FA|
 []


Overfull \hbox (7.69426pt too wide) in paragraph at lines 4351--4351
[]|\T1/phv/m/n/10 (-20) SA/BF/FA|
 []


Overfull \hbox (7.69426pt too wide) in paragraph at lines 4353--4353
[]|\T1/phv/m/n/10 (-20) SA/BF/FA|
 []


Overfull \hbox (7.69426pt too wide) in paragraph at lines 4355--4355
[]|\T1/phv/m/n/10 (-20) SA/BF/FA|
 []


Overfull \hbox (7.69426pt too wide) in paragraph at lines 4357--4357
[]|\T1/phv/m/n/10 (-20) SA/BF/FA|
 []


Overfull \hbox (7.69426pt too wide) in paragraph at lines 4359--4359
[]|\T1/phv/m/n/10 (-20) SA/BF/FA|
 []


Overfull \hbox (7.69426pt too wide) in paragraph at lines 4361--4361
[]|\T1/phv/m/n/10 (-20) SA/BF/FA|
 []


Overfull \hbox (7.69426pt too wide) in paragraph at lines 4363--4363
[]|\T1/phv/m/n/10 (-20) SA/BF/FA|
 []


Overfull \hbox (7.69426pt too wide) in paragraph at lines 4365--4365
[]|\T1/phv/m/n/10 (-20) SA/BF/FA|
 []


Overfull \hbox (7.69426pt too wide) in paragraph at lines 4367--4367
[]|\T1/phv/m/n/10 (-20) SA/BF/FA|
 []


Overfull \hbox (7.69426pt too wide) in paragraph at lines 4369--4369
[]|\T1/phv/m/n/10 (-20) SA/BF/FA|
 []


Overfull \hbox (7.69426pt too wide) in paragraph at lines 4371--4371
[]|\T1/phv/m/n/10 (-20) SA/BF/FA|
 []


Overfull \hbox (3.05522pt too wide) in paragraph at lines 4373--4373
[]|\T1/phv/m/n/10 (-20) Grenade
 []


Overfull \hbox (5.77965pt too wide) in paragraph at lines 4373--4373
\T1/phv/m/n/10 (-20) Launcher|
 []


Overfull \hbox (7.69426pt too wide) in paragraph at lines 4377--4377
[]|\T1/phv/m/n/10 (-20) SA/BF/FA|
 []


Overfull \hbox (6.53731pt too wide) in paragraph at lines 4381--4381
\T1/phv/m/n/10 (-20) Aphrodite|
 []


Overfull \hbox (3.05522pt too wide) in paragraph at lines 4383--4383
[]|\T1/phv/m/n/10 (-20) Grenade
 []


Overfull \hbox (5.77965pt too wide) in paragraph at lines 4383--4383
\T1/phv/m/n/10 (-20) Launcher|
 []


Overfull \hbox (3.05522pt too wide) in paragraph at lines 4386--4386
[]|\T1/phv/m/n/10 (-20) Grenade
 []


Overfull \hbox (5.77965pt too wide) in paragraph at lines 4386--4386
\T1/phv/m/n/10 (-20) Launcher|
 []


Overfull \hbox (7.69426pt too wide) in paragraph at lines 4404--4404
[]|\T1/phv/m/n/10 (-20) SA/BF/FA|
 []


Overfull \hbox (8.28197pt too wide) in paragraph at lines 4406--4406
[]|\T1/phv/m/n/10 (-20) Terracotta
 []


Overfull \hbox (7.69426pt too wide) in paragraph at lines 4408--4408
[]|\T1/phv/m/n/10 (-20) SA/BF/FA|
 []


Overfull \hbox (7.69426pt too wide) in paragraph at lines 4414--4414
[]|\T1/phv/m/n/10 (-20) SA/BF/FA|
 []

[55] [56] [57] [58] [59]
Overfull \hbox (6.32838pt too wide) in paragraph at lines 4738--4739
[]\T1/phv/m/n/10 (-20) Shotguns
 []


Overfull \hbox (3.34355pt too wide) in paragraph at lines 4756--4757
[]\T1/phv/m/n/10 (-20) WEIGHT
 []


Overfull \hbox (7.69426pt too wide) in paragraph at lines 4770--4770
[]|\T1/phv/m/n/10 (-20) SA/BF/FA|
 []


Overfull \hbox (7.69426pt too wide) in paragraph at lines 4772--4772
[]|\T1/phv/m/n/10 (-20) SA/BF/FA|
 []


Overfull \hbox (19.19179pt too wide) in paragraph at lines 4776--4776
[]|\T1/phv/m/n/10 (-20) Blunderbuss|
 []


Overfull \hbox (3.5846pt too wide) in paragraph at lines 4778--4778
\T1/phv/m/n/10 (-20) Richards
 []


Overfull \hbox (3.05522pt too wide) in paragraph at lines 4784--4784
[]|\T1/phv/m/n/10 (-20) Grenade
 []


Overfull \hbox (5.77965pt too wide) in paragraph at lines 4784--4784
\T1/phv/m/n/10 (-20) Launcher|
 []


Overfull \hbox (7.69426pt too wide) in paragraph at lines 4785--4785
[]|\T1/phv/m/n/10 (-20) SA/BF/FA|
 []


Overfull \hbox (3.5944pt too wide) in paragraph at lines 4787--4787
[]|\T1/phv/m/n/10 (-20) Defiance
 []


Overfull \hbox (3.5944pt too wide) in paragraph at lines 4789--4789
[]|\T1/phv/m/n/10 (-20) Defiance
 []


Overfull \hbox (3.5944pt too wide) in paragraph at lines 4791--4791
[]|\T1/phv/m/n/10 (-20) Defiance
 []


Overfull \hbox (3.5944pt too wide) in paragraph at lines 4793--4793
[]|\T1/phv/m/n/10 (-20) Defiance
 []


Overfull \hbox (9.04294pt too wide) in paragraph at lines 4797--4797
[]|\T1/phv/m/n/10 (-20) SS/SA/BF|
 []


Overfull \hbox (9.04294pt too wide) in paragraph at lines 4799--4799
[]|\T1/phv/m/n/10 (-20) SS/SA/BF|
 []


Overfull \hbox (21.01837pt too wide) in paragraph at lines 4801--4801
[]|\T1/phv/m/n/10 (-20) SS/SA/BF(2)|
 []


Overfull \hbox (1.42839pt too wide) in paragraph at lines 4811--4811
[]|\T1/phv/m/n/10 (-20) Shotgun|
 []


Overfull \hbox (5.42934pt too wide) in paragraph at lines 4818--4818
\T1/phv/m/n/10 (-20) Whammy
 []


Overfull \hbox (5.43985pt too wide) in paragraph at lines 4818--4818
\T1/phv/m/n/10 (-20) (Ranged)|
 []


Overfull \hbox (7.94554pt too wide) in paragraph at lines 4820--4820
[]|\T1/phv/m/n/10 (-20) Mossberg
 []


Overfull \hbox (7.69426pt too wide) in paragraph at lines 4820--4820
[]|\T1/phv/m/n/10 (-20) SA/BF/FA|
 []


Overfull \hbox (5.4954pt too wide) in paragraph at lines 4834--4834
[]|\T1/phv/m/n/10 (-20) 2(b)+1(b)|
 []


Overfull \hbox (1.42839pt too wide) in paragraph at lines 4836--4836
[]|\T1/phv/m/n/10 (-20) Shotgun
 []


Overfull \hbox (1.42839pt too wide) in paragraph at lines 4838--4838
[]|\T1/phv/m/n/10 (-20) Shotgun
 []


Overfull \hbox (1.42839pt too wide) in paragraph at lines 4840--4840
[]|\T1/phv/m/n/10 (-20) Shotgun
 []


Overfull \hbox (0.53983pt too wide) in paragraph at lines 4842--4842
\T1/phv/m/n/10 (-20) (6.5x55)|
 []


Overfull \hbox (7.6154pt too wide) in paragraph at lines 4850--4850
\T1/phv/m/n/10 (-20) (9.3x74R)|
 []


Overfull \hbox (12.30637pt too wide) in paragraph at lines 4852--4852
[]|\T1/phv/m/n/10 (-20) Remington
 []


Overfull \hbox (12.30637pt too wide) in paragraph at lines 4856--4856
[]|\T1/phv/m/n/10 (-20) Remington
 []


Overfull \hbox (7.05666pt too wide) in paragraph at lines 4858--4858
[]|\T1/phv/m/n/10 (-20) Shiawase
 []


Overfull \hbox (7.05666pt too wide) in paragraph at lines 4860--4860
[]|\T1/phv/m/n/10 (-20) Shiawase
 []


Overfull \hbox (7.05666pt too wide) in paragraph at lines 4862--4862
[]|\T1/phv/m/n/10 (-20) Shiawase
 []


Overfull \hbox (2.18683pt too wide) in paragraph at lines 4862--4862
\T1/phv/m/n/10 (-20) Tsunami|
 []


Overfull \hbox (7.85211pt too wide) in paragraph at lines 4864--4867
\T1/phv/m/n/10 (-20) (5.56mm):
 []


Overfull \hbox (7.2477pt too wide) in paragraph at lines 4864--4867
\T1/phv/m/n/10 (-20) smartlink.|
 []


Overfull \hbox (8.88423pt too wide) in paragraph at lines 4867--4867
[]|\T1/phv/m/sl/10 (-20) Smartlink\T1/phv/m/n/10 (-20) .|
 []


Overfull \hbox (7.69426pt too wide) in paragraph at lines 4868--4868
[]|\T1/phv/m/n/10 (-20) SA/BF/FA|
 []


Overfull \hbox (13.76318pt too wide) in paragraph at lines 4870--4870
[]|\T1/phv/m/n/10 (-20) Winchester
 []


Overfull \hbox (13.76318pt too wide) in paragraph at lines 4872--4872
[]|\T1/phv/m/n/10 (-20) Winchester
 []


Overfull \hbox (13.76318pt too wide) in paragraph at lines 4874--4874
[]|\T1/phv/m/n/10 (-20) Winchester
 []

[60] [61] [62] [63] [64] [65] [66] [67]
Overfull \hbox (1.81848pt too wide) in paragraph at lines 5241--5242
[]\T1/phv/m/n/10 (-20) Sporting
 []


Overfull \hbox (3.34355pt too wide) in paragraph at lines 5259--5260
[]\T1/phv/m/n/10 (-20) WEIGHT
 []


Overfull \hbox (6.3089pt too wide) in paragraph at lines 5282--5282
[]|\T1/phv/m/n/10 (-20) 12(dm)x2|
 []


Overfull \hbox (12.67542pt too wide) in paragraph at lines 5285--5285
[]|\T1/phv/m/n/10 (-20) Mannlicher
 []


Overfull \hbox (1.42839pt too wide) in paragraph at lines 5287--5287
[]|\T1/phv/m/n/10 (-20) Shotgun
 []


Overfull \hbox (7.6154pt too wide) in paragraph at lines 5289--5289
\T1/phv/m/n/10 (-20) (9.3x74R)|
 []


Overfull \hbox (12.67542pt too wide) in paragraph at lines 5293--5293
[]|\T1/phv/m/n/10 (-20) Mannlicher
 []


Overfull \hbox (8.21004pt too wide) in paragraph at lines 5293--5294
[]|\T1/phv/m/n/10 (-20) 2(b)+6(m)|
 []


Overfull \hbox (1.42839pt too wide) in paragraph at lines 5295--5295
[]|\T1/phv/m/n/10 (-20) Shotgun
 []


Overfull \hbox (1.42839pt too wide) in paragraph at lines 5297--5297
[]|\T1/phv/m/n/10 (-20) Shotgun
 []


Overfull \hbox (7.6154pt too wide) in paragraph at lines 5303--5303
\T1/phv/m/n/10 (-20) (9.3x74R)|
 []


Overfull \hbox (12.67542pt too wide) in paragraph at lines 5305--5305
[]|\T1/phv/m/n/10 (-20) Mannlicher
 []


Overfull \hbox (12.30637pt too wide) in paragraph at lines 5337--5337
[]|\T1/phv/m/n/10 (-20) Remington
 []


Overfull \hbox (12.30637pt too wide) in paragraph at lines 5339--5339
[]|\T1/phv/m/n/10 (-20) Remington
 []


Overfull \hbox (7.05666pt too wide) in paragraph at lines 5344--5344
[]|\T1/phv/m/n/10 (-20) Shiawase
 []


Overfull \hbox (11.36847pt too wide) in paragraph at lines 5350--5350
[]|\T1/phv/m/n/10 (-20) Springfield
 []


Overfull \hbox (11.36847pt too wide) in paragraph at lines 5352--5352
[]|\T1/phv/m/n/10 (-20) Springfield
 []


Overfull \hbox (11.36847pt too wide) in paragraph at lines 5354--5354
[]|\T1/phv/m/n/10 (-20) Springfield
 []


Overfull \hbox (11.36847pt too wide) in paragraph at lines 5356--5356
[]|\T1/phv/m/n/10 (-20) Springfield
 []


Overfull \hbox (8.28197pt too wide) in paragraph at lines 5360--5360
[]|\T1/phv/m/n/10 (-20) Terracotta
 []


Overfull \hbox (8.28197pt too wide) in paragraph at lines 5362--5362
[]|\T1/phv/m/n/10 (-20) Terracotta
 []


Overfull \hbox (13.76318pt too wide) in paragraph at lines 5366--5366
[]|\T1/phv/m/n/10 (-20) Winchester
 []


Overfull \hbox (13.76318pt too wide) in paragraph at lines 5368--5368
[]|\T1/phv/m/n/10 (-20) Winchester
 []


Overfull \hbox (13.76318pt too wide) in paragraph at lines 5370--5370
[]|\T1/phv/m/n/10 (-20) Winchester
 []


Overfull \hbox (13.76318pt too wide) in paragraph at lines 5372--5372
[]|\T1/phv/m/n/10 (-20) Winchester
 []


Overfull \hbox (13.76318pt too wide) in paragraph at lines 5374--5374
[]|\T1/phv/m/n/10 (-20) Winchester
 []


Overfull \hbox (13.76318pt too wide) in paragraph at lines 5376--5376
[]|\T1/phv/m/n/10 (-20) Winchester
 []

[68] [69] [70] [71] [72] [73] [74] [75]
Overfull \hbox (3.34355pt too wide) in paragraph at lines 5942--5943
[]\T1/phv/m/n/10 (-20) WEIGHT
 []


Overfull \hbox (7.69426pt too wide) in paragraph at lines 5950--5950
[]|\T1/phv/m/n/10 (-20) SA/BF/FA|
 []


Overfull \hbox (7.69426pt too wide) in paragraph at lines 5952--5952
[]|\T1/phv/m/n/10 (-20) SA/BF/FA|
 []


Overfull \hbox (7.69426pt too wide) in paragraph at lines 5954--5954
[]|\T1/phv/m/n/10 (-20) SA/BF/FA|
 []


Overfull \hbox (7.69426pt too wide) in paragraph at lines 5956--5956
[]|\T1/phv/m/n/10 (-20) SA/BF/FA|
 []


Overfull \hbox (3.05522pt too wide) in paragraph at lines 5958--5958
[]|\T1/phv/m/n/10 (-20) Grenade
 []


Overfull \hbox (5.77965pt too wide) in paragraph at lines 5958--5958
\T1/phv/m/n/10 (-20) Launcher|
 []


Overfull \hbox (7.69426pt too wide) in paragraph at lines 5960--5960
[]|\T1/phv/m/n/10 (-20) SA/BF/FA|
 []


Overfull \hbox (7.69426pt too wide) in paragraph at lines 5961--5961
[]|\T1/phv/m/n/10 (-20) SA/BF/FA|
 []


Overfull \hbox (7.69426pt too wide) in paragraph at lines 5963--5963
[]|\T1/phv/m/n/10 (-20) SA/BF/FA|
 []


Overfull \hbox (7.69426pt too wide) in paragraph at lines 5965--5965
[]|\T1/phv/m/n/10 (-20) SA/BF/FA|
 []


Overfull \hbox (3.05522pt too wide) in paragraph at lines 5967--5967
[]|\T1/phv/m/n/10 (-20) Grenade
 []


Overfull \hbox (5.77965pt too wide) in paragraph at lines 5967--5967
\T1/phv/m/n/10 (-20) Launcher|
 []


Overfull \hbox (7.69426pt too wide) in paragraph at lines 5969--5969
[]|\T1/phv/m/n/10 (-20) SA/BF/FA|
 []


Overfull \hbox (3.05522pt too wide) in paragraph at lines 5971--5971
[]|\T1/phv/m/n/10 (-20) Grenade
 []


Overfull \hbox (5.77965pt too wide) in paragraph at lines 5971--5971
\T1/phv/m/n/10 (-20) Launcher|
 []


Overfull \hbox (7.69426pt too wide) in paragraph at lines 5973--5973
[]|\T1/phv/m/n/10 (-20) SA/BF/FA|
 []


Overfull \hbox (7.69426pt too wide) in paragraph at lines 5975--5975
[]|\T1/phv/m/n/10 (-20) SA/BF/FA|
 []


Overfull \hbox (7.69426pt too wide) in paragraph at lines 5981--5981
[]|\T1/phv/m/n/10 (-20) SA/BF/FA|
 []


Overfull \hbox (3.05522pt too wide) in paragraph at lines 5987--5987
[]|\T1/phv/m/n/10 (-20) Grenade
 []


Overfull \hbox (5.77965pt too wide) in paragraph at lines 5987--5987
\T1/phv/m/n/10 (-20) Launcher|
 []


Overfull \hbox (3.05522pt too wide) in paragraph at lines 5989--5989
[]|\T1/phv/m/n/10 (-20) Grenade
 []


Overfull \hbox (5.77965pt too wide) in paragraph at lines 5989--5989
\T1/phv/m/n/10 (-20) Launcher|
 []


Overfull \hbox (7.69426pt too wide) in paragraph at lines 5990--5990
[]|\T1/phv/m/n/10 (-20) SA/BF/FA|
 []


Overfull \hbox (7.69426pt too wide) in paragraph at lines 5992--5992
[]|\T1/phv/m/n/10 (-20) SA/BF/FA|
 []


Overfull \hbox (7.69426pt too wide) in paragraph at lines 5994--5994
[]|\T1/phv/m/n/10 (-20) SA/BF/FA|
 []


Overfull \hbox (7.69426pt too wide) in paragraph at lines 5996--5996
[]|\T1/phv/m/n/10 (-20) SA/BF/FA|
 []


Overfull \hbox (7.69426pt too wide) in paragraph at lines 5998--5998
[]|\T1/phv/m/n/10 (-20) SA/BF/FA|
 []


Overfull \hbox (7.69426pt too wide) in paragraph at lines 6000--6000
[]|\T1/phv/m/n/10 (-20) SA/BF/FA|
 []


Overfull \hbox (7.69426pt too wide) in paragraph at lines 6002--6002
[]|\T1/phv/m/n/10 (-20) SA/BF/FA|
 []


Overfull \hbox (7.69426pt too wide) in paragraph at lines 6007--6007
[]|\T1/phv/m/n/10 (-20) SA/BF/FA|
 []


Overfull \hbox (7.69426pt too wide) in paragraph at lines 6016--6016
[]|\T1/phv/m/n/10 (-20) SA/BF/FA|
 []


Overfull \hbox (1.42839pt too wide) in paragraph at lines 6018--6018
[]|\T1/phv/m/n/10 (-20) Shotgun|
 []


Overfull \hbox (3.05522pt too wide) in paragraph at lines 6019--6019
[]|\T1/phv/m/n/10 (-20) Grenade
 []


Overfull \hbox (5.77965pt too wide) in paragraph at lines 6019--6019
\T1/phv/m/n/10 (-20) Launcher|
 []


Overfull \hbox (7.69426pt too wide) in paragraph at lines 6021--6021
[]|\T1/phv/m/n/10 (-20) SA/BF/FA|
 []


Overfull \hbox (0.61502pt too wide) in paragraph at lines 6022--6023
[]|\T1/phv/m/n/10 (-20) +1,000\TS1/phv/m/n/10 (-20) \xa5|
 []


Overfull \hbox (7.69426pt too wide) in paragraph at lines 6023--6023
[]|\T1/phv/m/n/10 (-20) SA/BF/FA|
 []


Overfull \hbox (0.61502pt too wide) in paragraph at lines 6024--6025
[]|\T1/phv/m/n/10 (-20) +1,000\TS1/phv/m/n/10 (-20) \xa5|
 []


Overfull \hbox (7.69426pt too wide) in paragraph at lines 6025--6025
[]|\T1/phv/m/n/10 (-20) SA/BF/FA|
 []


Overfull \hbox (0.61502pt too wide) in paragraph at lines 6026--6027
[]|\T1/phv/m/n/10 (-20) +1,000\TS1/phv/m/n/10 (-20) \xa5|
 []


Overfull \hbox (6.3089pt too wide) in paragraph at lines 6027--6027
[]|\T1/phv/m/n/10 (-20) 25(dm)x2|
 []


Overfull \hbox (7.69426pt too wide) in paragraph at lines 6029--6029
[]|\T1/phv/m/n/10 (-20) SA/BF/FA|
 []


Overfull \hbox (3.05522pt too wide) in paragraph at lines 6031--6031
[]|\T1/phv/m/n/10 (-20) Grenade
 []


Overfull \hbox (5.77965pt too wide) in paragraph at lines 6031--6031
\T1/phv/m/n/10 (-20) Launcher|
 []


Overfull \hbox (3.59413pt too wide) in paragraph at lines 6032--6032
[]|\T1/phv/m/n/10 (-20) 100(belt)|
 []


Overfull \hbox (7.69426pt too wide) in paragraph at lines 6035--6035
[]|\T1/phv/m/n/10 (-20) SA/BF/FA|
 []


Overfull \hbox (1.42839pt too wide) in paragraph at lines 6037--6037
[]|\T1/phv/m/n/10 (-20) Shotgun|
 []


Overfull \hbox (7.69426pt too wide) in paragraph at lines 6038--6038
[]|\T1/phv/m/n/10 (-20) SA/BF/FA|
 []


Overfull \hbox (7.69426pt too wide) in paragraph at lines 6040--6040
[]|\T1/phv/m/n/10 (-20) SA/BF/FA|
 []


Overfull \hbox (7.69426pt too wide) in paragraph at lines 6041--6041
[]|\T1/phv/m/n/10 (-20) SA/BF/FA|
 []


Overfull \hbox (7.69426pt too wide) in paragraph at lines 6046--6046
[]|\T1/phv/m/n/10 (-20) SA/BF/FA|
 []


Overfull \hbox (3.49431pt too wide) in paragraph at lines 6054--6054
\T1/phv/m/n/10 (-20) Sweeper|
 []


Overfull \hbox (7.69426pt too wide) in paragraph at lines 6054--6054
[]|\T1/phv/m/n/10 (-20) SA/BF/FA|
 []


Overfull \hbox (7.69426pt too wide) in paragraph at lines 6056--6056
[]|\T1/phv/m/n/10 (-20) SA/BF/FA|
 []


Overfull \hbox (7.69426pt too wide) in paragraph at lines 6060--6060
[]|\T1/phv/m/n/10 (-20) SA/BF/FA|
 []


Overfull \hbox (6.3089pt too wide) in paragraph at lines 6060--6061
[]|\T1/phv/m/n/10 (-20) 30(dm)x2|
 []


Overfull \hbox (1.42839pt too wide) in paragraph at lines 6062--6062
[]|\T1/phv/m/n/10 (-20) Shotgun|
 []


Overfull \hbox (4.393pt too wide) in paragraph at lines 6063--6063
[]|\T1/phv/m/n/10 (-20) Sernopal
 []


Overfull \hbox (7.69426pt too wide) in paragraph at lines 6063--6063
[]|\T1/phv/m/n/10 (-20) SA/BF/FA|
 []


Overfull \hbox (7.05666pt too wide) in paragraph at lines 6065--6065
[]|\T1/phv/m/n/10 (-20) Shiawase
 []


Overfull \hbox (3.03574pt too wide) in paragraph at lines 6065--6065
[]|\T1/phv/m/n/10 (-20) 20(ml)x6|
 []


Overfull \hbox (7.69426pt too wide) in paragraph at lines 6067--6067
[]|\T1/phv/m/n/10 (-20) SA/BF/FA|
 []


Overfull \hbox (7.69426pt too wide) in paragraph at lines 6069--6069
[]|\T1/phv/m/n/10 (-20) SA/BF/FA|
 []


Overfull \hbox (9.5916pt too wide) in paragraph at lines 6073--6073
[]|\T1/phv/m/n/10 (-20) Steinhardt
 []


Overfull \hbox (7.69426pt too wide) in paragraph at lines 6074--6074
[]|\T1/phv/m/n/10 (-20) SA/BF/FA|
 []


Overfull \hbox (7.69426pt too wide) in paragraph at lines 6076--6076
[]|\T1/phv/m/n/10 (-20) SA/BF/FA|
 []


Overfull \hbox (7.69426pt too wide) in paragraph at lines 6078--6078
[]|\T1/phv/m/n/10 (-20) SA/BF/FA|
 []


Overfull \hbox (7.69426pt too wide) in paragraph at lines 6080--6080
[]|\T1/phv/m/n/10 (-20) SA/BF/FA|
 []


Overfull \hbox (3.59413pt too wide) in paragraph at lines 6080--6080
[]|\T1/phv/m/n/10 (-20) 100(belt)|
 []


Overfull \hbox (7.69426pt too wide) in paragraph at lines 6087--6087
[]|\T1/phv/m/n/10 (-20) SA/BF/FA|
 []


Overfull \hbox (1.42839pt too wide) in paragraph at lines 6099--6099
[]|\T1/phv/m/n/10 (-20) Shotgun|
 []


Overfull \hbox (3.05522pt too wide) in paragraph at lines 6101--6101
[]|\T1/phv/m/n/10 (-20) Grenade
 []


Overfull \hbox (5.77965pt too wide) in paragraph at lines 6101--6101
\T1/phv/m/n/10 (-20) Launcher|
 []

[76] [77] [78] [79] [80]
Overfull \hbox (3.34355pt too wide) in paragraph at lines 6243--6244
[]\T1/phv/m/n/10 (-20) WEIGHT
 []


Overfull \hbox (3.59413pt too wide) in paragraph at lines 6254--6254
[]|\T1/phv/m/n/10 (-20) 200(belt)|
 []


Overfull \hbox (4.69188pt too wide) in paragraph at lines 6262--6262
\T1/phv/m/n/10 (-20) Nanogun|
 []


Overfull \hbox (3.59413pt too wide) in paragraph at lines 6262--6263
[]|\T1/phv/m/n/10 (-20) 100(belt)|
 []


Overfull \hbox (3.59413pt too wide) in paragraph at lines 6264--6264
[]|\T1/phv/m/n/10 (-20) 100(belt)|
 []


Overfull \hbox (3.59413pt too wide) in paragraph at lines 6267--6267
[]|\T1/phv/m/n/10 (-20) 100(belt)|
 []


Overfull \hbox (7.69426pt too wide) in paragraph at lines 6270--6270
[]|\T1/phv/m/n/10 (-20) SA/BF/FA|
 []

[81] [82]
Overfull \hbox (3.34355pt too wide) in paragraph at lines 6351--6352
[]\T1/phv/m/n/10 (-20) WEIGHT
 []


Overfull \hbox (12.54654pt too wide) in paragraph at lines 6361--6361
[]|\T1/phv/m/n/10 (-20) Ruhrmetall
 []


Overfull \hbox (1.7245pt too wide) in paragraph at lines 6366--6366
[]|\T1/phv/m/n/10 (-20) Whitney-
 []


Overfull \hbox (3.59413pt too wide) in paragraph at lines 6366--6366
[]|\T1/phv/m/n/10 (-20) 100(belt)|
 []

[83]
Overfull \hbox (3.34355pt too wide) in paragraph at lines 6461--6462
[]\T1/phv/m/n/10 (-20) WEIGHT
 []


Overfull \hbox (12.54654pt too wide) in paragraph at lines 6473--6473
[]|\T1/phv/m/n/10 (-20) Ruhrmetall
 []

[84]
Overfull \hbox (3.34355pt too wide) in paragraph at lines 6586--6587
[]\T1/phv/m/n/10 (-20) WEIGHT
 []


Overfull \hbox (12.54654pt too wide) in paragraph at lines 6609--6609
[]|\T1/phv/m/n/10 (-20) Ruhrmetall
 []

[85]
Overfull \hbox (3.05522pt too wide) in paragraph at lines 6698--6699
[]\T1/phv/m/n/10 (-20) Grenade
 []


Overfull \hbox (3.34355pt too wide) in paragraph at lines 6716--6717
[]\T1/phv/m/n/10 (-20) WEIGHT
 []


Overfull \hbox (7.69426pt too wide) in paragraph at lines 6724--6724
[]|\T1/phv/m/n/10 (-20) SA/BF/FA|
 []


Overfull \hbox (3.72244pt too wide) in paragraph at lines 6729--6729
[]|\T1/phv/m/n/10 (-20) ArmTech
 []


Overfull \hbox (3.72244pt too wide) in paragraph at lines 6731--6731
[]|\T1/phv/m/n/10 (-20) ArmTech
 []


Overfull \hbox (3.72244pt too wide) in paragraph at lines 6733--6733
[]|\T1/phv/m/n/10 (-20) ArmTech
 []


Overfull \hbox (3.72244pt too wide) in paragraph at lines 6735--6735
[]|\T1/phv/m/n/10 (-20) ArmTech
 []


Overfull \hbox (8.28197pt too wide) in paragraph at lines 6741--6741
[]|\T1/phv/m/n/10 (-20) Terracotta
 []

[86]
Overfull \hbox (3.34355pt too wide) in paragraph at lines 6855--6856
[]\T1/phv/m/n/10 (-20) WEIGHT
 []


Overfull \hbox (1.11852pt too wide) in paragraph at lines 6863--6863
\T1/phv/m/n/10 (-20) Portable
 []

[87]
Overfull \hbox (3.34355pt too wide) in paragraph at lines 6945--6946
[]\T1/phv/m/n/10 (-20) WEIGHT
 []


Overfull \hbox (0.86984pt too wide) in paragraph at lines 6953--6953
[]|\T1/phv/m/n/10 (-20) Arbalest
 []


Overfull \hbox (23.50267pt too wide) in paragraph at lines 6955--6955
[]|\T1/phv/m/n/10 (-20) Aztechnology
 []


Overfull \hbox (23.50267pt too wide) in paragraph at lines 6956--6956
[]|\T1/phv/m/n/10 (-20) Aztechnology
 []


Overfull \hbox (5.77965pt too wide) in paragraph at lines 6958--6958
\T1/phv/m/n/10 (-20) Launcher|
 []


Overfull \hbox (8.48445pt too wide) in paragraph at lines 6960--6960
[]|\T1/phv/m/n/10 (-20) Mitsubishi
 []


Overfull \hbox (0.86017pt too wide) in paragraph at lines 6960--6960
[]|\T1/phv/m/n/10 (-20) 4(dm)x2|
 []


Overfull \hbox (12.54654pt too wide) in paragraph at lines 6962--6962
[]|\T1/phv/m/n/10 (-20) Ruhrmetall
 []


Overfull \hbox (5.77965pt too wide) in paragraph at lines 6963--6963
\T1/phv/m/n/10 (-20) Launcher|
 []

[88]
Overfull \hbox (3.34355pt too wide) in paragraph at lines 7086--7087
[]\T1/phv/m/n/10 (-20) WEIGHT
 []


Overfull \hbox (3.89421pt too wide) in paragraph at lines 7107--7107
[]|\T1/phv/m/n/10 (-20) Scorpion|
 []

[89]
Overfull \hbox (29.47096pt too wide) in paragraph at lines 7175--7176
[]\T1/phv/m/n/10 (-20) Flamethrowers
 []


Overfull \hbox (3.34355pt too wide) in paragraph at lines 7193--7194
[]\T1/phv/m/n/10 (-20) WEIGHT
 []


Overfull \hbox (23.50267pt too wide) in paragraph at lines 7201--7201
[]|\T1/phv/m/n/10 (-20) Aztechnology
 []


Overfull \hbox (7.05666pt too wide) in paragraph at lines 7202--7202
[]|\T1/phv/m/n/10 (-20) Shiawase
 []


Overfull \hbox (7.05666pt too wide) in paragraph at lines 7204--7204
[]|\T1/phv/m/n/10 (-20) Shiawase
 []

[90]
Overfull \hbox (5.54877pt too wide) in paragraph at lines 7284--7285
\T1/phv/m/n/10 (-20) Weapons
 []


Overfull \hbox (3.34355pt too wide) in paragraph at lines 7302--7303
[]\T1/phv/m/n/10 (-20) WEIGHT
 []


Overfull \hbox (6.3089pt too wide) in paragraph at lines 7312--7312
[]|\T1/phv/m/n/10 (-20) 10(dm)x2|
 []


Overfull \hbox (6.3089pt too wide) in paragraph at lines 7317--7317
[]|\T1/phv/m/n/10 (-20) 10(dm)x2|
 []


Overfull \hbox (6.3089pt too wide) in paragraph at lines 7323--7323
[]|\T1/phv/m/n/10 (-20) 10(dm)x2|
 []

[91] [92] [93]
Overfull \hbox (5.54877pt too wide) in paragraph at lines 7483--7484
\T1/phv/m/n/10 (-20) Weapons
 []


Overfull \hbox (3.34355pt too wide) in paragraph at lines 7501--7502
[]\T1/phv/m/n/10 (-20) WEIGHT
 []


Overfull \hbox (1.4089pt too wide) in paragraph at lines 7509--7509
[]|\T1/phv/m/n/10 (-20) 100(dm)|
 []


Overfull \hbox (7.69426pt too wide) in paragraph at lines 7513--7513
[]|\T1/phv/m/n/10 (-20) SA/BF/FA|
 []


Overfull \hbox (7.70642pt too wide) in paragraph at lines 7523--7523
[]|\T1/phv/m/n/10 (-20) Harpoons|
 []


Overfull \hbox (10.4198pt too wide) in paragraph at lines 7524--7524
\T1/phv/m/n/10 (-20) Icethrower|
 []


Overfull \hbox (6.30888pt too wide) in paragraph at lines 7525--7525
[]|\T1/phv/m/n/10 (-20) Narcoject
 []


Overfull \hbox (6.30888pt too wide) in paragraph at lines 7527--7527
[]|\T1/phv/m/n/10 (-20) Narcoject
 []


Overfull \hbox (6.30888pt too wide) in paragraph at lines 7529--7529
[]|\T1/phv/m/n/10 (-20) Narcoject
 []


Overfull \hbox (3.60396pt too wide) in paragraph at lines 7535--7535
[]|\T1/phv/m/n/10 (-20) Splatgun|
 []


Overfull \hbox (8.64307pt too wide) in paragraph at lines 7536--7536
[]|\T1/phv/m/n/10 (-20) Spraytank|
 []

[94]
Overfull \hbox (4.46991pt too wide) in paragraph at lines 7611--7612
[]\T1/phv/m/n/10 (-20) Vehicular
 []


Overfull \hbox (8.86205pt too wide) in paragraph at lines 7611--7612
\T1/phv/m/n/10 (-20) Weaponry
 []


Overfull \hbox (3.34355pt too wide) in paragraph at lines 7629--7630
[]\T1/phv/m/n/10 (-20) WEIGHT
 []


Overfull \hbox (4.10007pt too wide) in paragraph at lines 7637--7637
[]|\T1/phv/m/n/10 (-20) AN/EDQ-
 []


Overfull \hbox (1.39928pt too wide) in paragraph at lines 7637--7637
\T1/phv/m/n/10 (-20) NDEWS|
 []


Overfull \hbox (5.78932pt too wide) in paragraph at lines 7638--7639
[]|\T1/phv/m/n/10 (-20) 600,000\TS1/phv/m/n/10 (-20) \xa5|
 []


Overfull \hbox (5.78932pt too wide) in paragraph at lines 7642--7643
[]|\T1/phv/m/n/10 (-20) 128,000\TS1/phv/m/n/10 (-20) \xa5|
 []


Overfull \hbox (12.54654pt too wide) in paragraph at lines 7643--7643
[]|\T1/phv/m/n/10 (-20) Ruhrmetall
 []


Overfull \hbox (3.59413pt too wide) in paragraph at lines 7643--7643
[]|\T1/phv/m/n/10 (-20) 100(belt)|
 []


Overfull \hbox (0.64877pt too wide) in paragraph at lines 7645--7645
\T1/phv/m/n/10 (-20) Weapon|
 []

[95] [96] [97]
Overfull \hbox (9.247pt too wide) in paragraph at lines 7938--7938
[]|\T1/phv/m/n/10 (-20) 1,700,000\TS1/phv/m/n/10 (-20) \xa5|
 []


Overfull \hbox (5.38216pt too wide) in paragraph at lines 7940--7940
\T1/phv/m/n/10 (-20) Sniper/Re-
 []


Overfull \hbox (35.09134pt too wide) in paragraph at lines 7942--7942
\T1/phv/m/n/10 (-20) Springer/Khrizan-
 []


Overfull \hbox (0.50563pt too wide) in paragraph at lines 7944--7944
\T1/phv/m/n/10 (-20) lion/Vikhr|
 []


Overfull \hbox (22.83838pt too wide) in paragraph at lines 7945--7945
[]|\T1/phv/m/n/10 (-20) Fragmentation|
 []


Overfull \hbox (15.60551pt too wide) in paragraph at lines 7946--7946
[]|\T1/phv/m/n/10 (-20) Thermobaric|
 []


Overfull \hbox (4.46774pt too wide) in paragraph at lines 7948--7948
[]|\T1/phv/m/n/10 (-20) Brimstone|
 []


Overfull \hbox (1.07397pt too wide) in paragraph at lines 7952--7952
[]|\T1/phv/m/n/10 (-20) 425,000\TS1/phv/m/n/10 (-20) \xa5|
 []


Overfull \hbox (1.07397pt too wide) in paragraph at lines 7954--7954
[]|\T1/phv/m/n/10 (-20) 875,000\TS1/phv/m/n/10 (-20) \xa5|
 []


Overfull \hbox (1.07397pt too wide) in paragraph at lines 7956--7957
[]|\T1/phv/m/n/10 (-20) 600,000\TS1/phv/m/n/10 (-20) \xa5|
 []


Overfull \hbox (9.247pt too wide) in paragraph at lines 7958--7958
[]|\T1/phv/m/n/10 (-20) 1,350,000\TS1/phv/m/n/10 (-20) \xa5|
 []


Overfull \hbox (1.07397pt too wide) in paragraph at lines 7959--7959
[]|\T1/phv/m/n/10 (-20) 430,000\TS1/phv/m/n/10 (-20) \xa5|
 []


Overfull \hbox (1.07397pt too wide) in paragraph at lines 7961--7961
[]|\T1/phv/m/n/10 (-20) 750,000\TS1/phv/m/n/10 (-20) \xa5|
 []

[98]
Overfull \hbox (1.07397pt too wide) in paragraph at lines 8024--8025
[]|\T1/phv/m/n/10 (-20) 350,000\TS1/phv/m/n/10 (-20) \xa5|
 []


Overfull \hbox (1.07397pt too wide) in paragraph at lines 8025--8025
[]|\T1/phv/m/n/10 (-20) 450,000\TS1/phv/m/n/10 (-20) \xa5|
 []

[99] [100]
Overfull \hbox (0.1257pt too wide) in alignment at lines 8196--8214
 [] [] [] [] [] [] []
 []


Overfull \hbox (0.1257pt too wide) in alignment at lines 8214--8216
 [] [] [] [] [] [] []
 []


Overfull \hbox (0.1257pt too wide) in alignment at lines 8216--8250
 [] [] [] [] [] [] []
 []

[101] [102] [103] [104] [105] [106] [107]
Overfull \hbox (7.67708pt too wide) in paragraph at lines 8580--8581
[]\T1/phv/m/n/10 (-20) Vehicle/Drone
 []


Overfull \hbox (1.74127pt too wide) in paragraph at lines 8584--8585
[]\T1/phv/m/n/10 (-20) Hand/Speed
 []

[108] [109] [110] [111] [112] [113] [114] [115] [116] [117] [118] [119]
[120] [121] [122] [123] (./Fan made Shadowrun 7th Edition rules.aux)
 ***********
LaTeX2e <2023-11-01> patch level 1
L3 programming layer <2024-01-22>
 ***********
 )
Here is how much of TeX's memory you used:
 36807 strings out of 476182
 761492 string characters out of 5795595
 2152975 words of memory out of 5000000
 57548 multiletter control sequences out of 15000+600000
 612344 words of font info for 369 fonts, out of 8000000 for 9000
 14 hyphenation exceptions out of 8191
 117i,13n,121p,1227b,1549s stack positions out of 10000i,1000n,20000p,200000b,200000s

pdfTeX warning (dest): name{bookmark=id.kkav13e62x7p} has been referenced but d
oes not exist, replaced by a fixed one


pdfTeX warning (dest): name{bookmark=id.x87h504b24hr} has been referenced but d
oes not exist, replaced by a fixed one

</usr/share/texmf/fonts/type1/public/lm/lmtk10.pfb></usr/share/texmf/fonts/type
1/public/lm/lmtt10.pfb></usr/share/texmf/fonts/type1/public/lm/lmtt9.pfb></usr/
share/texlive/texmf-dist/fonts/type1/urw/helvetic/uhvb8a.pfb></usr/share/texliv
e/texmf-dist/fonts/type1/urw/helvetic/uhvr8a.pfb></usr/share/texlive/texmf-dist
/fonts/type1/urw/helvetic/uhvro8a.pfb>
Output written on "Fan made Shadowrun 7th Edition rules.pdf" (123 pages, 717361
 bytes).
PDF statistics:
 879 PDF objects out of 1000 (max. 8388607)
 710 compressed objects within 8 object streams
 266 named destinations out of 1000 (max. 500000)
 26981 words of extra memory for PDF output out of 29859 (max. 10000000)
